        Generalplus 6502 Assembler - Version 1.7.1.0  
              Listing File Has Been Relocated

     1                              ;=====================================================================
     2                              ; File Name   : cstartup.asm
     3                              ; Description : Startup routine for GPL815P
     4                              ;               This file contains the 6502 C startup routine           
     5                              ;               and must usually be tailored to suit customer's hardware
     6                              ; Body        : GPL815P series 6502 CPU 
     7                              ; Toolchain   : gp65cc V0.9x
     8                              ; Date        : 09/09/2014 
     9                              ;=====================================================================
    10                              .INCLUDE	GPL815P.inc
    11                      <       	.IFDEF		GPL815_SERIES
    12                      <       
    13                      <       ;---------------------------------
    14                      <       GPL815P02Ax		.EQU		1
    15                      <       ;---------------------------------
    16                      <       
    17                      <       .ifndef GPL815P_Body_inc
    18                      <       GPL815P_Body_inc:    .EQU    1
    19                      <       ;==================================================================================
    20                      <       ; The information contained herein is the exclusive property of
    21                      <       ; Generalplus Technology Co. And shall not be distributed, reproduced,
    22                      <       ; or disclosed in whole in part without prior written permission.
    23                      <       ;       (C) COPYRIGHT 2014   Generalplus TECHNOLOGY CO.                            
    24                      <       ;                   ALL RIGHTS RESERVED
    25                      <       ; The entire notice above must be reproduced on all authorized copies.
    26                      <       ;==================================================================================
    27                      <       ;==================================================================================
    28                      <       ; Program Name: GPL815P series register declare
    29                      <       ; Applied body:  
    30                      <       ; Programmer  : Frank Kung
    31                      <       ; Description : 
    32                      <       ;             : V0.1
    33                      <       ; History version
    34                      <       ; Rev #  Date         Who         Comments
    35                      <       ; -----  -----------  --------    ---------------------------------------------------
    36                      <       ; 0.1    2024/08/19   Frank Kung    release
    37                      <       ; 0.2    2025/03/31   Frank Kung    Add Body :   GPL815P02Ax
    38                      <       ;==================================================================================
    39                      <       ;==================================================================================
    40                      <       
    41                      <       P_System_Ctrl_Base:                     .EQU    $3000
    42                      <       P_IO_Ctrl_Base:                         .EQU    $3080
    43                      <       P_INT_Ctrl_Base:                        .EQU    $30C0
    44                      <       P_TIMER_Ctrl_Base:                      .EQU    $3110
    45                      <       P_UART_Ctrl_Base:						.EQU	$3150
    46                      <       P_SPI_Ctrl_Base:                        .EQU    $3180
    47                      <       P_SWT_Ctrl_Base:                        .EQU    $3200
    48                      <       P_ADC_Ctrl_Base:                        .EQU    $3340 
    49                      <       P_I2C_Ctrl_Base:                        .EQU    $3360 
    50                      <       P_Buzzer_Ctrl_Base:						.EQU    $3371
    51                      <       P_AUX_Ctrl_Base:                        .EQU    $33D0
    52                      <       P_LCD_Ctrl_Base:                        .EQU    $3450
    53                      <       P_PWMIO_Ctrl_Base:                      .EQU    $3490
    54                      <       P_RFC_Ctrl_Base:						.EQU	$34C0
    55                      <       
    56                      <       
    57                      <           .IFNDEF GPL815P04Ax
    58                      <           GPL815P04Ax: .EQU    0
    59                      <           .ENDIF 
    60                      <           
    61                      <           .IFNDEF GPL815P04Ax_16KB
    62                      <           GPL815P04Ax_16KB: .EQU    0
    63                      <           .ENDIF     
    64                      <           
    65                      <           .IFNDEF GPL815P04Bx
    66                      <           GPL815P04Bx: .EQU    0
    67                      <           .ENDIF    
    68                      <           
    69                      <           .IFNDEF GPL815P04Bx_15KB
    70                      <           GPL815P04Bx_15KB: .EQU    0
    71                      <           .ENDIF         
    72                      <           
    73                      <           .IFNDEF GPL815P03Ax
    74                      <           GPL815P03Ax: .EQU    0
    75                      <           .ENDIF     
    76                      <             
    77                      <           .IFNDEF GPL815P03Bx
    78                      <           GPL815P03Bx: .EQU    0
    79                      <           .ENDIF   
    80                      <           
    81                      <           .IFNDEF GPL815P02Ax
    82                      <           GPL815P02Ax: .EQU    0
    83                      <           .ENDIF       
    84                      <       
    85                      <           
    86                      <       .IF (GPL815P04Ax+GPL815P04Ax_16KB+GPL815P04Bx+GPL815P04Bx_15KB+GPL815P03Ax+GPL815P03Bx+GPL815P02Ax)
    87                      <       GPL815P      .EQU    1
    88                      <       .ENDIF
    89                      <       
    90                      <       	.IFDEF GPL815P
    91                      <       ;===============================================================
    92                      <       ;               System base Control Registers
    93                      <       ;               Base Address Start from 0x3000 
    94                      <       ;===============================================================
    95                      <       ;==============  BANK Register  =============
    96                      <       P_BANK_Sel:                     .EQU    P_System_Ctrl_Base+0x00 ;$0x3000
    97                      <       
    98                      <       ;==========  CPU & Clock Register  ==========
    99                      <       P_CLK_IOSC_Ctrl:                 .EQU    P_System_Ctrl_Base+0x07 ;$0x3007
   100                      <       	D_CPUSysClkDiv1:				.EQU	00000000B
   101                      <       	D_CPUSysClkDiv2:				.EQU	00000001B
   102                      <       	D_CPUSysClkDiv4:				.EQU	00000010B
   103                      <       	D_CPUSysClkDiv8:				.EQU	00000011B
   104                      <       	D_SYS32K:						.EQU	00000000B
   105                      <       	D_SYS2M:						.EQU	00010000B
   106                      <       	D_SYS4M:						.EQU	00100000B
   107                      <       	D_SYS8M:						.EQU	00110000B	
   108                      <       	
   109                      <       P_SLP_Ctrl:						.EQU    P_System_Ctrl_Base+0x09 ;$0x3009
   110                      <       	D_SleepMode:					.EQU	01011010B
   111                      <       	D_GreenMode:					.EQU	10100101B
   112                      <       	
   113                      <       ;================  LVD Ctrl  ================
   114                      <       P_LVD_Ctrl:                     .EQU    P_System_Ctrl_Base+0x0A ;$0x300A
   115                      <       	D_LVDEn:						.EQU	10000000B
   116                      <       	D_LVDStatus:					.EQU	00100000B
   117                      <       	D_LVD2P1V:						.EQU	00000000B	
   118                      <       	D_LVD2P4V:						.EQU	00000001B	
   119                      <       	D_LVD3P0V:						.EQU	00000010B	
   120                      <       	D_LVD3P3V:						.EQU	00000011B	
   121                      <       	D_LVDLevelMask:					.EQU	00000011B	
   122                      <       		
   123                      <       ;===========  Watch Dog Register  ===========
   124                      <       P_WDT_Clear:					.EQU    P_System_Ctrl_Base+0x0B ;$0x300B
   125                      <       
   126                      <       ;=============  Reset Register  =============
   127                      <       P_RESET_Ctrl:					.EQU    P_System_Ctrl_Base+0x0C ;$0x300C
   128                      <       	D_LVRResetEn:					.EQU	00000001B
   129                      <       	D_IllegalAddrResetEn:			.EQU	00000010B
   130                      <       	D_SWResetEn:					.EQU	00000100B
   131                      <       	D_WDTResetEn:					.EQU	00001000B	
   132                      <       	
   133                      <       P_RESET_Status:					.EQU    P_System_Ctrl_Base+0x0D ;$0x300D
   134                      <       	D_LVRResetFlag:					.EQU	00000001B
   135                      <       	D_IllegalAddrResetFlag:			.EQU	00000010B
   136                      <       	D_SWResetFlag:					.EQU	00000100B
   137                      <       	D_WDTResetFlag:					.EQU	00001000B
   138                      <       	
   139                      <       
   140                      <       ;===============================================================
   141                      <       ;               IO base Control Registers
   142                      <       ;               Base Address Start from 0x3080 
   143                      <       ;=============================================================== 
   144                      <       ;===============  IO Register  ==============
   145                      <       P_IO_Ctrl1:                      .EQU    P_IO_Ctrl_Base+0x00     ;$0x3080
   146                      <       	D_IRDuty2:						.EQU	00000000B
   147                      <       	D_IRDuty3:						.EQU	00000010B
   148                      <       	D_IRDuty4:						.EQU	00000100B
   149                      <       	D_IRDuty5:						.EQU	00000110B	
   150                      <       	D_IREn:							.EQU	00001000B
   151                      <       	D_ExtI1Edge:					.EQU	00010000B
   152                      <       	D_ExtI1En:						.EQU	00100000B
   153                      <       	D_ExtI2Edge:					.EQU	01000000B
   154                      <       	D_ExtI2En:						.EQU	10000000B
   155                      <       	
   156                      <       P_IO_Ctrl2:                      .EQU    P_IO_Ctrl_Base+0x01     ;$0x3081
   157                      <       	D_RFC1En:						.EQU	00000001B
   158                      <       	D_RFC2En:						.EQU	00000010B	
   159                      <       	D_RFC1OutEn:					.EQU	00000100B
   160                      <       	D_RFC2OutEn:					.EQU	00001000B
   161                      <       	D_PA32KOutEn:					.EQU	01000000B
   162                      <       	D_PD32KOutEn:					.EQU	10000000B
   163                      <       	
   164                      <       P_IO_RFC_Ctrl:                   .EQU    P_IO_Ctrl_Base+0x02     ;$0x3082
   165                      <       	D_REF2En:						.EQU	00000001B
   166                      <       	D_SEN2AEn:						.EQU	00000010B
   167                      <       	D_SEN2BEn:						.EQU	00001000B	
   168                      <       	D_REF1En:						.EQU	00010000B
   169                      <       	D_SEN1AEn:						.EQU	00100000B
   170                      <       	D_SEN1BEn:						.EQU	10000000B
   171                      <       	
   172                      <       P_IO_LCDPORT_Ctrl:              .EQU    P_IO_Ctrl_Base+0x03     ;$0x3083
   173                      <       	D_PCEn:							.EQU	00000001B	
   174                      <       	D_PDEn:							.EQU	00000010B
   175                      <       	D_PEEn:							.EQU	00000100B
   176                      <       	D_ShiftSeg0:					.EQU	00000000B
   177                      <       	D_ShiftSeg8:					.EQU	00010000B
   178                      <       	D_ShiftSeg16:					.EQU	00100000B
   179                      <       	D_ShiftSeg24:					.EQU	00110000B	
   180                      <       		
   181                      <       P_IO_KeyChange_Ctrl1:           .EQU    P_IO_Ctrl_Base+0x04     ;$0x3084
   182                      <       P_IO_KeyChange_Ctrl2:           .EQU    P_IO_Ctrl_Base+0x05     ;$0x3085
   183                      <       
   184                      <       P_IO_PB_LINEN_Ctrl:				.EQU    P_IO_Ctrl_Base+0x06     ;$0x3086
   185                      <       
   186                      <       P_IO_PortA_Dir:                 .EQU    P_IO_Ctrl_Base+0x08     ;$0x3088
   187                      <       P_IO_PortA_Attrib:              .EQU    P_IO_Ctrl_Base+0x09     ;$0x3089
   188                      <       P_IO_PortA_Data:                .EQU    P_IO_Ctrl_Base+0x0A     ;$0x308A
   189                      <       P_IO_PortA_Buffer:              .EQU    P_IO_Ctrl_Base+0x0B     ;$0x308B
   190                      <       P_IO_PortA_SMT_En:				.EQU    P_IO_Ctrl_Base+0x0C     ;$0x308C
   191                      <       
   192                      <       P_IO_PortB_Dir:                 .EQU    P_IO_Ctrl_Base+0x10     ;$0x3090
   193                      <       P_IO_PortB_Attrib:              .EQU    P_IO_Ctrl_Base+0x11     ;$0x3091
   194                      <       P_IO_PortB_Data:                .EQU    P_IO_Ctrl_Base+0x12     ;$0x3092
   195                      <       P_IO_PortB_Buffer:              .EQU    P_IO_Ctrl_Base+0x13     ;$0x3093
   196                      <       P_IO_PortB_SMT_En:				.EQU    P_IO_Ctrl_Base+0x14     ;$0x3094
   197                      <       	
   198                      <       P_IO_PortC_Dir:                 .EQU    P_IO_Ctrl_Base+0x18     ;$0x3098
   199                      <       P_IO_PortC_Attrib:              .EQU    P_IO_Ctrl_Base+0x19     ;$0x3099
   200                      <       P_IO_PortC_Data:                .EQU    P_IO_Ctrl_Base+0x1A     ;$0x309A
   201                      <       P_IO_PortC_Buffer:              .EQU    P_IO_Ctrl_Base+0x1B     ;$0x309B
   202                      <       P_IO_PortC_SMT_En:				.EQU    P_IO_Ctrl_Base+0x1C     ;$0x309C
   203                      <       
   204                      <       P_IO_PortD_Dir:                 .EQU    P_IO_Ctrl_Base+0x20     ;$0x30A0
   205                      <       P_IO_PortD_Attrib:              .EQU    P_IO_Ctrl_Base+0x21     ;$0x30A1
   206                      <       P_IO_PortD_Data:                .EQU    P_IO_Ctrl_Base+0x22     ;$0x30A2
   207                      <       P_IO_PortD_Buffer:              .EQU    P_IO_Ctrl_Base+0x23     ;$0x30A3
   208                      <       P_IO_PortD_SMT_En:				.EQU    P_IO_Ctrl_Base+0x24     ;$0x30A4
   209                      <       
   210                      <       P_IO_PortE_Dir:                 .EQU    P_IO_Ctrl_Base+0x28     ;$0x30A8
   211                      <       P_IO_PortE_Attrib:              .EQU    P_IO_Ctrl_Base+0x29     ;$0x30A9
   212                      <       P_IO_PortE_Data:                .EQU    P_IO_Ctrl_Base+0x2A     ;$0x30AA
   213                      <       P_IO_PortE_Buffer:              .EQU    P_IO_Ctrl_Base+0x2B     ;$0x30AB
   214                      <       P_IO_PortE_SMT_En:				.EQU    P_IO_Ctrl_Base+0x2C     ;$0x30AC
   215                      <       	
   216                      <       
   217                      <       P_IO_Ctrl3:                     .EQU    P_IO_Ctrl_Base+0x30     ;$0x30B0
   218                      <       	D_PFEn:							.EQU	00000001B
   219                      <       	D_PGEn:							.EQU	00000010B
   220                      <       
   221                      <       P_IO_PortF_Buffer:				.EQU    P_IO_Ctrl_Base+0x31     ;$0x30B1
   222                      <       P_IO_PortG_Buffer:				.EQU    P_IO_Ctrl_Base+0x32     ;$0x30B2	
   223                      <       ;===============================================================
   224                      <       ;               Interrupt base Control Registers
   225                      <       ;               Base Address Start from 0x30C0 
   226                      <       ;=============================================================== 
   227                      <       ;============  INT/NMI Register  ============
   228                      <       P_NMI_Ctrl:                     .EQU    P_INT_Ctrl_Base+0x00    ;$0x30C0 
   229                      <       	D_LVDNMIEn:						.EQU	00000001B
   230                      <       	D_TM1NMIEn:						.EQU	00000010B
   231                      <       	D_TM0NMIEn:						.EQU	00000100B	
   232                      <       	D_ILLADRNMIEn:					.EQU	00010000B
   233                      <       	
   234                      <       P_NMI_Status:                   .EQU    P_INT_Ctrl_Base+0x01    ;$0x30C1
   235                      <       	D_LVDNMIFlag:						.EQU	00000001B
   236                      <       	D_TM1NMIFlag:						.EQU	00000010B
   237                      <       	D_TM0NMIFlag:						.EQU	00000100B	
   238                      <       	D_ILLADRNMIFlag:					.EQU	00010000B	
   239                      <       	
   240                      <       P_INT_Ctrl1:                    .EQU    P_INT_Ctrl_Base+0x02    ;$0x30C2
   241                      <       	D_FPIntEn:						.EQU	00000001B
   242                      <       	D_SPIInt_En:					.EQU	00000010B
   243                      <       	D_TM0IntEn:						.EQU	10000000B	
   244                      <       	
   245                      <       P_INT_Ctrl2:                    .EQU    P_INT_Ctrl_Base+0x03    ;$0x30C3   
   246                      <       	D_ExtI1IntEn:					.EQU	00000001B	
   247                      <       	D_ExtI2IntEn:					.EQU	00000010B
   248                      <       	D_TBLIntEn:						.EQU	00000100B
   249                      <       	D_TBHIntEn:						.EQU	00001000B	
   250                      <       	D_KeyIntEn:						.EQU	00010000B		
   251                      <       	D_TM1IntEn:						.EQU	00100000B
   252                      <       	D_RFCTM0IntEn:					.EQU	01000000B
   253                      <       	D_RFCTM1IntEn:					.EQU	10000000B
   254                      <       		
   255                      <       P_INT_Ctrl3:                    .EQU    P_INT_Ctrl_Base+0x04    ;$0x30C4 
   256                      <       	D_LVDIntEn:						.EQU	00000001B	
   257                      <       	D_ADCIntEn:						.EQU	00000010B
   258                      <       	D_UARTIntEn:					.EQU	00000100B
   259                      <       	D_SWTIntEn:						.EQU	00001000B
   260                      <       	D_I2CIntEn:						.EQU	00010000B
   261                      <       	D_PWMTMIntEn:					.EQU	00100000B
   262                      <       	D_CaptureIntEn:					.EQU	01000000B	
   263                      <       	
   264                      <       P_INT_Status1:            		.EQU    P_INT_Ctrl_Base+0x0A    ;$0x30CA 
   265                      <       	D_FP_Flag:						.EQU	00000001B
   266                      <       	D_SPI_Flag:						.EQU	00000010B
   267                      <       	D_TM0_Flag:						.EQU	10000000B	
   268                      <       	
   269                      <       P_INT_Status2:            		.EQU    P_INT_Ctrl_Base+0x0B    ;$0x30CB
   270                      <       	D_EXT1_Flag:					.EQU	00000001B
   271                      <       	D_EXT2_Flag:					.EQU	00000010B
   272                      <       	D_TBL_Flag:						.EQU	00000100B
   273                      <       	D_TBH_Flag:						.EQU	00001000B
   274                      <       	D_Key_Flag:						.EQU	00010000B
   275                      <       	D_TM1_Flag:						.EQU	00100000B
   276                      <       	D_RFCTM0_Flag:					.EQU	01000000B	
   277                      <       	D_RFCTM1_Flag:					.EQU	10000000B
   278                      <       	
   279                      <       P_INT_Status3:            		.EQU    P_INT_Ctrl_Base+0x0C    ;$0x30CC
   280                      <       	D_LVD_Flag:						.EQU	00000001B	
   281                      <       	D_ADC_Flag:						.EQU	00000010B
   282                      <       	D_UART_Flag:					.EQU	00000100B
   283                      <       	D_SWT_Flag:						.EQU	00001000B
   284                      <       	D_I2C_Flag:						.EQU	00010000B
   285                      <       	D_PWMTM_Flag:					.EQU	00100000B
   286                      <       	D_Capture_Flag:					.EQU	01000000B
   287                      <       	
   288                      <       P_INT_FP_Clear:					.EQU    P_INT_Ctrl_Base+0x10    ;$0x30D0 
   289                      <       P_INT_SPI_Clear:				.EQU    P_INT_Ctrl_Base+0x11    ;$0x30D1
   290                      <       P_INT_TM0_Clear:				.EQU    P_INT_Ctrl_Base+0x17    ;$0x30D7
   291                      <       P_INT_EXT1_Clear:				.EQU    P_INT_Ctrl_Base+0x18    ;$0x30D8
   292                      <       P_INT_EXT2_Clear:				.EQU    P_INT_Ctrl_Base+0x19    ;$0x30D9
   293                      <       P_INT_TBL_Clear:				.EQU    P_INT_Ctrl_Base+0x1A    ;$0x30DA 
   294                      <       P_INT_TBH_Clear:				.EQU    P_INT_Ctrl_Base+0x1B    ;$0x30DB 
   295                      <       P_INT_KEY_Clear:				.EQU    P_INT_Ctrl_Base+0x1C    ;$0x30DC
   296                      <       P_INT_TM1_Clear:				.EQU    P_INT_Ctrl_Base+0x1D    ;$0x30DD
   297                      <       P_INT_RFCTM0_Clear:				.EQU	P_INT_Ctrl_Base+0x1E    ;$0x30DE
   298                      <       P_INT_RFCTM1_Clear:				.EQU	P_INT_Ctrl_Base+0x1F    ;$0x30DF	
   299                      <       P_INT_LVD_Clear:				.EQU    P_INT_Ctrl_Base+0x20    ;$0x30E0
   300                      <       P_INT_ADC_Clear:				.EQU    P_INT_Ctrl_Base+0x21    ;$0x30E1
   301                      <       P_INT_UART_Clear:				.EQU    P_INT_Ctrl_Base+0x22    ;$0x30E2
   302                      <       P_INT_SWT_Clear:				.EQU    P_INT_Ctrl_Base+0x23    ;$0x30E3
   303                      <       P_INT_I2C_Clear:				.EQU    P_INT_Ctrl_Base+0x24    ;$0x30E4
   304                      <       P_INT_PWMTM_Clear:				.EQU    P_INT_Ctrl_Base+0x25    ;$0x30E5
   305                      <       P_INT_Capture_Clear:			.EQU    P_INT_Ctrl_Base+0x26    ;$0x30E6
   306                      <       P_NMI_LVD_Clear:				.EQU    P_INT_Ctrl_Base+0x30    ;$0x30F0
   307                      <       P_NMI_TM1_Clear:				.EQU    P_INT_Ctrl_Base+0x31    ;$0x30F1
   308                      <       P_NMI_TM0_Clear:				.EQU    P_INT_Ctrl_Base+0x32    ;$0x30F2
   309                      <       P_NMI_ILLADDR_Clear:			.EQU    P_INT_Ctrl_Base+0x34    ;$0x30F4
   310                      <       
   311                      <       
   312                      <       ;===============================================================
   313                      <       ;               TIME base Control Registers
   314                      <       ;               Base Address Start from 0x3110 
   315                      <       ;=============================================================== 
   316                      <       ;=============  Timer Register  =============
   317                      <       P_TIMER_TimeBase_Ctrl1:         .EQU    P_TIMER_Ctrl_Base+0x00  ;$0x3110
   318                      <       	D_TBRUN:						.EQU	00000001B
   319                      <       	D_TBRST:						.EQU	00010000B
   320                      <       	
   321                      <       P_TIMER_TimeBase_CNT:           .EQU    P_TIMER_Ctrl_Base+0x01  ;$0x3111
   322                      <       
   323                      <       P_TIMER_TimeBase_Ctrl2:		    .EQU    P_TIMER_Ctrl_Base+0x02  ;$0x3112
   324                      <       	D_1KHzEn:						.EQU	00000001B	
   325                      <       	D_512HzEn:						.EQU	00000010B	
   326                      <       	D_256HzEn:						.EQU	00000100B
   327                      <       	D_128HzEn:						.EQU	00001000B	
   328                      <       	D_32HzEn:						.EQU	00010000B	
   329                      <       	D_8HzEn:						.EQU	00100000B
   330                      <       	D_2HzEn:						.EQU	01000000B	
   331                      <       	D_1HzEn:						.EQU	10000000B	
   332                      <       	
   333                      <       P_TIMER_TimeBase_Status:            .EQU    P_TIMER_Ctrl_Base+0x03  ;$0x3113
   334                      <       	D_1KHz_Flag:					.EQU	00000001B	
   335                      <       	D_512Hz_Flag:					.EQU	00000010B	
   336                      <       	D_256Hz_Flag:					.EQU	00000100B
   337                      <       	D_128Hz_Flag:					.EQU	00001000B	
   338                      <       	D_32Hz_Flag:					.EQU	00010000B	
   339                      <       	D_8Hz_Flag:						.EQU	00100000B
   340                      <       	D_2Hz_Flag:						.EQU	01000000B	
   341                      <       	D_1Hz_Flag:						.EQU	10000000B
   342                      <       		
   343                      <       P_TIMER_EN:						.EQU	P_TIMER_Ctrl_Base+0x04  ;$0x3114
   344                      <       	D_TM0En:						.EQU	00000001B
   345                      <       	D_TM1En:						.EQU	00000010B
   346                      <       	
   347                      <       P_TIMER_Timer_Ctrl:         	.EQU    P_TIMER_Ctrl_Base+0x05  ;$0x3115	
   348                      <       	D_TM1stop:						.EQU	00000000B
   349                      <       	D_TM1ClkSysClk:					.EQU	00000001B
   350                      <       	D_TM1Clk32K:					.EQU	00000010B
   351                      <       	D_TM1ClkTM0:					.EQU	00000011B
   352                      <       	
   353                      <       	D_TM0Stop:						.EQU	00000000B
   354                      <       	D_TM0AClkSysClk:				.EQU	00100000B
   355                      <       	D_TM0AClk32K:					.EQU	01000000B
   356                      <       	D_TM0AClkEXT1:					.EQU	01100000B	
   357                      <       	D_TM0AClkEXT2:					.EQU	10000000B
   358                      <       	
   359                      <       	D_TM0BClkVDD:					.EQU	00000000B
   360                      <       	D_TM0BClkEXT1:					.EQU	00001000B
   361                      <       	D_TM0BClkEXT2:					.EQU	00001100B
   362                      <       	D_TM0BClk2Hz:					.EQU	00010000B	
   363                      <       	D_TM0BClk8Hz:					.EQU	00010100B
   364                      <       	D_TM0BClk32Hz:					.EQU	00011000B
   365                      <       	D_TM0BClk64Hz:					.EQU	00011100B	
   366                      <       
   367                      <       
   368                      <       P_TIMER_TM0Data_LB:             .EQU    P_TIMER_Ctrl_Base+0x08  ;$0x3118
   369                      <       P_TIMER_TM0Data_HB:             .EQU    P_TIMER_Ctrl_Base+0x09  ;$0x3119
   370                      <       P_TIMER_TM0CntData_LB:          .EQU    P_TIMER_Ctrl_Base+0x0A  ;$0x311A
   371                      <       P_TIMER_TM0CntData_HB:          .EQU    P_TIMER_Ctrl_Base+0x0B  ;$0x311B
   372                      <       
   373                      <       P_TIMER_TM1Data_LB:             .EQU    P_TIMER_Ctrl_Base+0x0C  ;$0x311C
   374                      <       P_TIMER_TM1Data_HB:             .EQU    P_TIMER_Ctrl_Base+0x0D  ;$0x311D
   375                      <       P_TIMER_TM1CntData_LB:          .EQU    P_TIMER_Ctrl_Base+0x0E  ;$0x311E
   376                      <       P_TIMER_TM1CntData_HB:          .EQU    P_TIMER_Ctrl_Base+0x0F  ;$0x311F
   377                      <       
   378                      <       
   379                      <       ;===============================================================
   380                      <       ;               SWT base Control Registers
   381                      <       ;               Base Address Start from 0x3200 
   382                      <       ;=============================================================== 
   383                      <       P_SWT_CTRL1:					.EQU    P_SWT_Ctrl_Base+0x00	;$0x3200
   384                      <       	D_SWTRun:						.EQU	00000001B
   385                      <       	D_SWTRst:						.EQU	00010000B	
   386                      <       
   387                      <       P_SWT_BCD_CNT:					.EQU    P_SWT_Ctrl_Base+0x01	;$0x3201
   388                      <       
   389                      <       P_SWT_1K_BCD:					.EQU    P_SWT_Ctrl_Base+0x02	;$0x3202
   390                      <       
   391                      <       P_SWT_Ctrl2:					.EQU    P_SWT_Ctrl_Base+0x03	;$0x3203
   392                      <       	D_T1HzEn:						.EQU	00000001B
   393                      <       	D_T10HzEn:						.EQU	00000010B
   394                      <       	D_T100HzEn:						.EQU	00000100B
   395                      <       	D_T1KHzEn:						.EQU	00001000B	
   396                      <       	
   397                      <       P_SWT_Status:					.EQU    P_SWT_Ctrl_Base+0x04	;$0x3204
   398                      <       	D_T1Hz_Flag:					.EQU	00000001B
   399                      <       	D_T10Hz_Flag:					.EQU	00000010B
   400                      <       	D_T100Hz_Flag:					.EQU	00000100B
   401                      <       	D_T1KHz_Flag:					.EQU	00001000B	
   402                      <       	
   403                      <       
   404                      <       ;===============================================================
   405                      <       ;               UART base Control Registers
   406                      <       ;               Base Address Start from 0x3150 
   407                      <       ;===============================================================
   408                      <       P_UART_Data:           			.EQU    P_UART_Ctrl_Base+0x00  ;$0x3150
   409                      <       
   410                      <       P_UART_RX_Status:           	.EQU    P_UART_Ctrl_Base+0x01  ;$0x3151
   411                      <       	D_FrameErrorFlag:				.EQU		00000001B
   412                      <       	D_ParityErrorFlag:				.EQU		00000010B
   413                      <       	D_BreakErrorFlag:				.EQU		00000100B
   414                      <       	D_OverrunErrorFlag:				.EQU		00001000B
   415                      <       	
   416                      <       	
   417                      <       P_UART_Ctrl1:           		.EQU    P_UART_Ctrl_Base+0x02  ;$0x3152	
   418                      <       	D_UARTReset:					.EQU		00001000B
   419                      <       	D_UARTEn:						.EQU		00010000B
   420                      <       	D_UARTRxTimeoutIntEn:			.EQU		00100000B
   421                      <       	D_UARTTxIntEn:					.EQU		01000000B
   422                      <       	D_UARTRxIntEn:					.EQU		10000000B
   423                      <       	
   424                      <       P_UART_Ctrl2:           		.EQU    P_UART_Ctrl_Base+0x03  ;$0x3153
   425                      <       	D_UARTSendBreak:				.EQU		00000001B
   426                      <       	D_UARTParityEn:					.EQU		00000010B
   427                      <       	D_UARTParityOdd:				.EQU		00000000B
   428                      <       	D_UARTParityEven:				.EQU		00000100B	
   429                      <       	D_UARTStopBit1:					.EQU		00000000B
   430                      <       	D_UARTStopBit2:					.EQU		00001000B	
   431                      <       	D_UARTFIFOEn:					.EQU		00010000B
   432                      <       	D_UARTDataBit5:					.EQU		00000000B
   433                      <       	D_UARTDataBit6:					.EQU		00100000B
   434                      <       	D_UARTDataBit7:					.EQU		01000000B
   435                      <       	D_UARTDataBit8:					.EQU		01100000B
   436                      <       	
   437                      <       P_UART_BaudRate_HB:           	.EQU    P_UART_Ctrl_Base+0x04  ;$0x3154
   438                      <       P_UART_BaudRate_LB:           	.EQU    P_UART_Ctrl_Base+0x05  ;$0x3155
   439                      <       
   440                      <       P_UART_Status1:           		.EQU    P_UART_Ctrl_Base+0x06  ;$0x3156
   441                      <       	D_RxTimeOutFlag:				.EQU		00100000B
   442                      <       	D_TxIntFlag:					.EQU 		01000000B
   443                      <       	D_RxIntFlag:					.EQU		10000000B
   444                      <       	
   445                      <       P_UART_Status2:           		.EQU    P_UART_Ctrl_Base+0x07  ;$0x3157
   446                      <       	D_UARTBusy:						.EQU		00001000B
   447                      <       	D_UARTRxFIFOEmpty:				.EQU		00010000B
   448                      <       	D_UARTTxFIFOFull:				.EQU		00100000B
   449                      <       	D_UARTRxFIFOFull:				.EQU		01000000B
   450                      <       	D_UARTTxFIFOEmpty:				.EQU		10000000B	
   451                      <       	
   452                      <       P_UART_FMD:           			.EQU    P_UART_Ctrl_Base+0x0A  ;$0x315A
   453                      <       
   454                      <       ;===============================================================
   455                      <       ;               SPI base Control Registers
   456                      <       ;               Base Address Start from 0x3180 
   457                      <       ;=============================================================== 
   458                      <       ;==============  SPI Register  ==============
   459                      <       .IF (GPL815P04Ax+GPL815P04Ax_16KB+GPL815P04Bx+GPL815P04Bx_15KB+GPL815P03Ax+GPL815P03Bx)
   460                      <       P_SPI_Ctrl:                    .EQU    P_SPI_Ctrl_Base+0x00    ;$0x3180
   461                      <       	D_SPICpuClkDiv2:				.EQU		00000000B
   462                      <       	D_SPICpuClkDiv4:				.EQU		00000001B
   463                      <       	D_SPICpuClkDiv8:				.EQU		00000010B
   464                      <       	D_SPICpuClkDiv16:				.EQU		00000011B
   465                      <       	D_SPICpuClkDiv32:				.EQU		00000100B
   466                      <       	D_SPICpuClkDiv64:				.EQU		00000101B
   467                      <       	D_SPICpuClkDiv128:				.EQU		00000110B
   468                      <       	D_SPIPolarity:					.EQU		00001000B
   469                      <       	D_SPIPhase:						.EQU		00010000B
   470                      <       	D_SPIMaster:					.EQU		00000000B
   471                      <       	D_SPISlaver:					.EQU		00100000B
   472                      <       	D_SPISelfLoopEn:				.EQU		01000000B
   473                      <       	D_SPIEn:						.EQU		10000000B
   474                      <       	
   475                      <       P_SPI_TX_Status:               .EQU    P_SPI_Ctrl_Base+0x01    ;$0x3181
   476                      <       	D_SPITxEmptyFlag:				.EQU		00000010B	
   477                      <       	D_SPITxIntEn:					.EQU		01000000B
   478                      <       	D_SPITxIntFlag:					.EQU		10000000B
   479                      <       	
   480                      <       P_SPI_TX_Ctrl:                 .EQU    P_SPI_Ctrl_Base+0x02    ;$0x3182
   481                      <       	D_SPITxFIFODataLvMask:			.EQU		00000111B
   482                      <       	D_SPITxFIFOIntLvMask:			.EQU		01110000B
   483                      <       
   484                      <       P_SPI_TX_Data:                 .EQU    P_SPI_Ctrl_Base+0x03    ;$0x3183
   485                      <       
   486                      <       P_SPI_RX_Status:               .EQU    P_SPI_Ctrl_Base+0x04    ;$0x3184
   487                      <       	D_SPIRxFIFOOverRun:				.EQU		00000001B	
   488                      <       	D_SPIRxStatusFIFOFull:			.EQU		00000010B
   489                      <       	D_SPIRxIntEn:					.EQU		01000000B
   490                      <       	D_SPIRxIntFlag:					.EQU		10000000B
   491                      <       	
   492                      <       P_SPI_RX_Ctrl:                 .EQU    P_SPI_Ctrl_Base+0x05    ;$0x3185
   493                      <       	D_SPIRxFIFODataLvMask:			.EQU		00000111B
   494                      <       	D_SPIRxFIFOIntLvMask:			.EQU		01110000B
   495                      <       
   496                      <       P_SPI_RX_Data:                 .EQU    P_SPI_Ctrl_Base+0x06    ;$0x3186
   497                      <       
   498                      <       P_SPI_Misc_Ctrl:               .EQU    P_SPI_Ctrl_Base+0x07    ;$0x3187
   499                      <       	D_SPITxFIFOEmpty:				.EQU		00000001B	
   500                      <       	D_SPITxFIFONotFull:				.EQU		00000010B
   501                      <       	D_SPIRxFIFONotEmpty:			.EQU		00000100B
   502                      <       	D_SPIMiscRxFIFOFull:			.EQU		00001000B
   503                      <       	D_SPIBusy:						.EQU		00010000B
   504                      <       	D_SPISmartEn:					.EQU		00100000B
   505                      <       	D_SPIOverWriteEn:				.EQU		01000000B
   506                      <       	D_SPIFIFOReset:					.EQU		10000000B
   507                      <       	
   508                      <       P_SPI_Port_Ctrl:               .EQU    P_SPI_Ctrl_Base+0x08    ;$0x3188
   509                      <       	D_SPIAutoRead:					.EQU		00000001B
   510                      <       	D_SPIIO:						.EQU		00000000B
   511                      <       	D_SPIPB:						.EQU		00000000B
   512                      <       	D_SPIPD:						.EQU		00001000B	
   513                      <       	D_SPICSDisable:					.EQU		00010000B
   514                      <       .ENDIF	
   515                      <       	
   516                      <       ;===============================================================
   517                      <       ;               ADC base Control Registers
   518                      <       ;               Base Address Start from 0x3340 
   519                      <       ;===============================================================
   520                      <       P_ADC_Ctrl1:					.EQU    P_ADC_Ctrl_Base+0x00    ;$0x3340
   521                      <       	D_ADCClkDiv2:					.EQU		00000000B
   522                      <       	D_ADCClkDiv4:					.EQU		00000001B
   523                      <       	D_ADCClkDiv8:					.EQU		00000010B
   524                      <       	D_ADCClkDiv12:					.EQU		00000011B
   525                      <       	D_ADCClkDiv16:					.EQU		00000100B	
   526                      <       	D_ADCClkDiv20:					.EQU		00000101B	
   527                      <       	D_ADCClkDiv24:					.EQU		00000110B	
   528                      <       	D_ADCClkDiv28:					.EQU		00000111B	
   529                      <       	
   530                      <       	D_ADCSHCycle2:					.EQU		00000000B
   531                      <       	D_ADCSHCycle4:					.EQU		00001000B
   532                      <       	D_ADCSHCycle8:					.EQU		00010000B	
   533                      <       	D_ADCSHCycle16:					.EQU		00011000B
   534                      <       	
   535                      <       	D_ADCTrigManual:				.EQU		00000000B	
   536                      <       	D_ADCTrigTM0:					.EQU		00100000B	
   537                      <       	D_ADCTrigTM1:					.EQU		01000000B
   538                      <       	
   539                      <       	D_ADCStart:						.EQU		10000000B
   540                      <       	
   541                      <       P_ADC_Ctrl2:					.EQU    P_ADC_Ctrl_Base+0x01    ;$0x3341
   542                      <       	D_ADCPB0:						.EQU		00000000B
   543                      <       	D_ADCPB1:						.EQU		00000001B	
   544                      <       	D_ADCPB2:						.EQU		00000010B	
   545                      <       	D_ADCPB3:						.EQU		00000011B	
   546                      <       	D_ADCPB4:						.EQU		00000100B	
   547                      <       	D_ADCPB5:						.EQU		00000101B	
   548                      <       	D_ADCPB6:						.EQU		00000110B	
   549                      <       	D_ADCPB7:						.EQU		00000111B
   550                      <       	D_ADCVREG:						.EQU		00001000B
   551                      <       	D_ADCVBAT:						.EQU		00001001B	
   552                      <       	D_ADCDiv5VDD:					.EQU		00001010B	
   553                      <       	D_ADCVSS:						.EQU		00001011B	
   554                      <       	
   555                      <       	D_ADCEn:						.EQU		00010000B		
   556                      <       	D_BatteryDetectEn:				.EQU		00100000B	
   557                      <       	D_ADCIntEnable:					.EQU		01000000B
   558                      <       	D_ADCStatus:					.EQU		10000000B	
   559                      <       	
   560                      <       P_ADC_Data_LB:					.EQU    P_ADC_Ctrl_Base+0x02    ;$0x3342
   561                      <       P_ADC_Data_HB:					.EQU    P_ADC_Ctrl_Base+0x03    ;$0x3343
   562                      <       P_ADC_VREF_Ctrl:				.EQU    P_ADC_Ctrl_Base+0x04    ;$0x3344
   563                      <       	D_ADCVregEn:					.EQU		00000001B
   564                      <       	D_ADCVreg1P8V:					.EQU		00000000B	
   565                      <       	D_ADCVreg2V:					.EQU		00000010B	
   566                      <       	D_ADCVreg2P4V:					.EQU		00000100B	
   567                      <       	D_ADCVreg2P6V:					.EQU		00000110B	
   568                      <       	D_ADCVreg3V:					.EQU		00001000B	
   569                      <       	D_ADCVreg3P2V:					.EQU		00001010B
   570                      <       	D_ADCVreg3P4V:					.EQU		00001100B
   571                      <       	D_ADCVregVDD:					.EQU		00001110B	
   572                      <       
   573                      <       	
   574                      <       ;===============================================================
   575                      <       ;               I2C base Control Registers
   576                      <       ;               Base Address Start from 0x3360 
   577                      <       ;===============================================================
   578                      <       .IF (GPL815P04Ax+GPL815P04Ax_16KB+GPL815P04Bx+GPL815P04Bx_15KB+GPL815P03Ax+GPL815P03Bx)
   579                      <       P_I2C_Ctrl:						.EQU    P_I2C_Ctrl_Base+0x00    ;$0x3360
   580                      <       	D_I2C_En:						.EQU		00000001B	
   581                      <       	D_I2C_TriggerEn:				.EQU		00000010B		
   582                      <       	D_I2C_ClockDiv128:				.EQU		00000000B	
   583                      <       	D_I2C_ClockDiv256:				.EQU		00000100B
   584                      <       	D_I2C_ClockDiv768:				.EQU		00001000B	
   585                      <       	D_I2C_ClockDiv1024:				.EQU		00001100B	
   586                      <       	D_I2C_Slaver:					.EQU		00010000B		
   587                      <       	D_I2C_Master:					.EQU		00000000B	
   588                      <       	D_Master_Nack:					.EQU		00100000B	
   589                      <       	D_Master_Ack:					.EQU		00000000B	
   590                      <       	D_Master_StopEn:				.EQU		01000000B	
   591                      <       	D_Master_StartEn:				.EQU		10000000B
   592                      <       	
   593                      <       P_I2C_Status:						.EQU    P_I2C_Ctrl_Base+0x01    ;$0x3361
   594                      <       	D_I2C_TrsDone:					.EQU		00000001B
   595                      <       	D_I2C_Ack:						.EQU		00000000B
   596                      <       	D_I2C_Nack:						.EQU		00000010B	
   597                      <       	D_I2C_IntEn:					.EQU		00000100B
   598                      <       	D_I2C_DIDErrIntEn:				.EQU		00010000B
   599                      <       	D_I2C_StopOK:					.EQU		00100000B	
   600                      <       	D_I2C_DataOK:					.EQU		01000000B	
   601                      <       	D_I2C_DIDOK:					.EQU		10000000B		
   602                      <       	
   603                      <       P_I2C_ID:						.EQU    P_I2C_Ctrl_Base+0x02    ;$0x3362
   604                      <       	D_I2C_Write:					.EQU		00000000B
   605                      <       	D_I2C_Read:						.EQU		00000001B	
   606                      <       P_I2C_Data:						.EQU    P_I2C_Ctrl_Base+0x03    ;$0x3363
   607                      <       P_I2C_Debounce:					.EQU    P_I2C_Ctrl_Base+0x04    ;$0x3364
   608                      <       .ENDIF
   609                      <       
   610                      <       ;===============================================================
   611                      <       ;               Buzzer base Control Registers
   612                      <       ;               Base Address Start from 0x3371 
   613                      <       ;===============================================================	
   614                      <       P_AUDIO_BZ_Ctrl:						.EQU    P_Buzzer_Ctrl_Base+0x00    ;$0x3371
   615                      <       	D_BZSrc:						.EQU		00000001B
   616                      <       	D_BZOn:							.EQU		10000000B	
   617                      <       
   618                      <       
   619                      <       ;===============================================================
   620                      <       ;               AUX base Registers
   621                      <       ;               Base Address Start from 0x33D0 
   622                      <       ;=============================================================== 
   623                      <       ;=========  Bit Operation Register  ========= 
   624                      <       P_AUX_DataX:                    .EQU    P_AUX_Ctrl_Base+0x00    ;$0x33D0
   625                      <       P_AUX_DataY:                    .EQU    P_AUX_Ctrl_Base+0x01    ;$0x33D1
   626                      <       P_AUX_BPPExtend_IN:             .EQU    P_AUX_Ctrl_Base+0X02    ;$0x33D2
   627                      <       P_AUX_DataX_0H:                 .EQU    P_AUX_Ctrl_Base+0x06    ;$0x33D6
   628                      <       P_AUX_DataX_0L:                 .EQU    P_AUX_Ctrl_Base+0x07    ;$0x33D7
   629                      <       P_AUX_DataY_0H:                 .EQU    P_AUX_Ctrl_Base+0x08    ;$0x33D8
   630                      <       P_AUX_DataY_0L:                 .EQU    P_AUX_Ctrl_Base+0x09    ;$0x33D9
   631                      <       P_AUX_DataX_H0:                 .EQU    P_AUX_Ctrl_Base+0x0A    ;$0x33DA
   632                      <       P_AUX_DataX_L0:                 .EQU    P_AUX_Ctrl_Base+0x0B    ;$0x33DB
   633                      <       P_AUX_DataY_H0:                 .EQU    P_AUX_Ctrl_Base+0x0C    ;$0x33DC
   634                      <       P_AUX_DataY_L0:                 .EQU    P_AUX_Ctrl_Base+0x0D    ;$0x33DD
   635                      <       P_AUX_DataX_LH:                 .EQU    P_AUX_Ctrl_Base+0x0E    ;$0x33DE
   636                      <       P_AUX_DataY_LH:                 .EQU    P_AUX_Ctrl_Base+0x0F    ;$0x33DF
   637                      <       P_AUX_DataXY_XLYH:              .EQU    P_AUX_Ctrl_Base+0x10    ;$0x33E0
   638                      <       P_AUX_DataXY_YLXH:              .EQU    P_AUX_Ctrl_Base+0x11    ;$0x33E1
   639                      <       P_AUX_DataX_Mirror:             .EQU    P_AUX_Ctrl_Base+0x12    ;$0x33E2
   640                      <       P_AUX_DataY_Mirror:             .EQU    P_AUX_Ctrl_Base+0x13    ;$0x33E3
   641                      <       P_AUX_BPPExtendOut_LB:          .EQU    P_AUX_Ctrl_Base+0x14    ;$0x33E4
   642                      <       P_AUX_BPPExtendOut_HB:          .EQU    P_AUX_Ctrl_Base+0x15    ;$0x33E5
   643                      <       
   644                      <       
   645                      <       ;===============================================================
   646                      <       ;               LCD base Registers
   647                      <       ;               Base Address Start from 0x3450 
   648                      <       ;=============================================================== 
   649                      <       ;==============  LCD Register  ==============
   650                      <       P_LCD_Ctrl1:                    .EQU    P_LCD_Ctrl_Base+0x00    ;$0x3450
   651                      <       	D_DisplayOn:					.EQU	00001000B
   652                      <       	D_LCDEn:						.EQU	10000000B
   653                      <       
   654                      <       P_LCD_Ctrl2:                    .EQU    P_LCD_Ctrl_Base+0x01    ;$0x3451
   655                      <       	D_LCDStrobeTimeMask:			.EQU	00001111B
   656                      <       	D_LCDStrobeEn:					.EQU	00010000B
   657                      <       	D_LCDAllOff:					.EQU	00100000B
   658                      <       	D_LCDAllOn:						.EQU	01000000B
   659                      <       	
   660                      <       P_LCD_Clock:                    .EQU    P_LCD_Ctrl_Base+0x02    ;$0x3452
   661                      <       	D_LCDclk32K:					.EQU	00000000B
   662                      <       	D_LCDclk16K:					.EQU	00010000B
   663                      <       	D_LCDclk8K:						.EQU	00100000B	
   664                      <       	D_LCDclk4K:						.EQU	00110000B	
   665                      <       
   666                      <       P_LCD_SEG_Num:					.EQU    P_LCD_Ctrl_Base+0x03    ;$0x3453
   667                      <       	D_32SEG:						.EQU	00000011B	
   668                      <       	D_48SEG:						.EQU	00000101B
   669                      <       	
   670                      <       P_LCD_COM_Num:					.EQU    P_LCD_Ctrl_Base+0x04    ;$0x3454	
   671                      <       	D_5COM:							.EQU	00000100B	
   672                      <       	D_9COM:							.EQU	00001000B
   673                      <       	
   674                      <       P_LCD_FM_Ctrl:					.EQU    P_LCD_Ctrl_Base+0x05    ;$0x3455
   675                      <       	D_LCDBType:						.EQU	00000000B
   676                      <       	D_LCDCType:						.EQU	10000000B	
   677                      <       	
   678                      <       P_LCD_VLCD_Ctrl:                .EQU    P_LCD_Ctrl_Base+0x06    ;$0x3456
   679                      <       
   680                      <       P_LCD_PUMP_Ctrl:                .EQU    P_LCD_Ctrl_Base+0x07    ;$0x3457
   681                      <       	D_PumpClk2K:					.EQU	00000000B
   682                      <       	D_PumpClk4K:					.EQU	00000001B
   683                      <       	D_PumpClk8K:					.EQU	00000010B
   684                      <       	D_PumpClk16K:					.EQU	00000011B	
   685                      <       	D_PumpEn:						.EQU	10000000B
   686                      <       	
   687                      <       P_LCD_BIAS_Ctrl:                .EQU    P_LCD_Ctrl_Base+0x08    ;$0x3458
   688                      <       	D_LCDBias4:						.EQU	00000001B
   689                      <       	D_LCDBias3:						.EQU	00000010B
   690                      <       	D_LCDBias2:						.EQU	00000011B
   691                      <       	
   692                      <       P_LCD_StartAddr_LB:             .EQU    P_LCD_Ctrl_Base+0x09    ;$0x3459	
   693                      <       
   694                      <       
   695                      <       ;===============================================================
   696                      <       ;               PWMIO base Registers
   697                      <       ;               Base Address Start from 0x3490 
   698                      <       ;===============================================================
   699                      <       P_PWMIO_Ctrl:                   .EQU    P_PWMIO_Ctrl_Base+0x00  ;$0x3490
   700                      <       	D_PWMIO0En:						.EQU	00000001B
   701                      <       	D_PWMIO1En:						.EQU	00000010B
   702                      <       	D_PWMIO2En:						.EQU	00000100B	
   703                      <       	D_PWMIO3En:						.EQU	00001000B	
   704                      <       	D_PWMClkSysClk:					.EQU	00000000B
   705                      <       	D_PWMClkSysClk8:				.EQU	00010000B	
   706                      <       	D_PWMClkSysClk64:				.EQU	00100000B	
   707                      <       	D_PWMClk32K:					.EQU	00110000B
   708                      <       	D_PWMClkTM0:					.EQU	01000000B
   709                      <       	D_PWMClkTM1:					.EQU	01010000B	
   710                      <       	D_PWMClkRFCTM0:					.EQU	01100000B		
   711                      <       	D_PWMClkRFCTM1:					.EQU	01110000B	
   712                      <       
   713                      <       P_PWMIO_Sel:                    .EQU    P_PWMIO_Ctrl_Base+0x01  ;$0x3491
   714                      <       P_PWMIO_Timer_Data:				.EQU    P_PWMIO_Ctrl_Base+0x02  ;$0x3492
   715                      <       P_PWMIO_Timer_Cnt:				.EQU    P_PWMIO_Ctrl_Base+0x03  ;$0x3493
   716                      <       			
   717                      <       P_PWMIO_IO0_DUTY:               .EQU    P_PWMIO_Ctrl_Base+0x04  ;$0x3494
   718                      <       P_PWMIO_IO1_DUTY:               .EQU    P_PWMIO_Ctrl_Base+0x05  ;$0x3495
   719                      <       P_PWMIO_IO2_DUTY:               .EQU    P_PWMIO_Ctrl_Base+0x06  ;$0x3496
   720                      <       P_PWMIO_IO3_DUTY:               .EQU    P_PWMIO_Ctrl_Base+0x07  ;$0x3497
   721                      <       
   722                      <       
   723                      <       ;===============================================================
   724                      <       ;               RFC base Registers
   725                      <       ;               Base Address Start from 0x34C0 
   726                      <       ;===============================================================
   727                      <       P_RFC_Ctrl1:       				.EQU    P_RFC_Ctrl_Base+0x01  ;$0x34C1
   728                      <       	D_AutoStop:						.EQU	01000000B
   729                      <       	D_RFCEn:						.EQU	00010000B	
   730                      <       	D_RFCStart:						.EQU	00000001B	
   731                      <       
   732                      <       P_RFC_Timer_Ctrl:       		.EQU    P_RFC_Ctrl_Base+0x03  ;$0x34C3
   733                      <       	D_RFCTM0En:						.EQU	00000001B
   734                      <       	D_RFCTM1En:						.EQU	00000010B
   735                      <       	D_RFCTM0ClkMask:				.EQU	00011100B
   736                      <       	D_RFCTM0ClkStop:				.EQU	00000000B
   737                      <       	D_RFCTM0ClkIO:					.EQU	00000100B
   738                      <       	D_RFCTM0ClkSysClk:				.EQU	00001100B
   739                      <       	D_RFCTM0ClkSysClk2:				.EQU	00010000B
   740                      <       	D_RFCTM0ClkRFC1:				.EQU	00010100B
   741                      <       	D_RFCTM0ClkRFC2:				.EQU	00011000B
   742                      <       	D_RFCTM0Clk32K:					.EQU	00011100B
   743                      <       	
   744                      <       	D_RFCTM1ClkMask:				.EQU	11100000B
   745                      <       	D_RFCTM1ClkStop:				.EQU	00000000B
   746                      <       	D_RFCTM1ClkSysClk:				.EQU	00100000B
   747                      <       	D_RFCTM1ClkSysClk2:				.EQU	01000000B
   748                      <       	D_RFCTM1ClkSysClk4:				.EQU	01100000B
   749                      <       	D_RFCTM1ClkSysClk8:				.EQU	10000000B
   750                      <       	D_RFCTM1ClkSysClk16:			.EQU	10100000B
   751                      <       	D_RFCTM1ClkSysClk32:			.EQU	11000000B
   752                      <       	D_RFCTM1Clk32K:					.EQU	11100000B
   753                      <       	
   754                      <       P_RFC_Ctrl2:       				.EQU    P_RFC_Ctrl_Base+0x04  ;$0x34C4
   755                      <       	D_RFCCaptureEdgeRising:			.EQU	00000000B
   756                      <       	D_RFCCaptureEdgeFalling:		.EQU	00000100B		
   757                      <       	D_RFCCaptureTrigDis:			.EQU	00000000B	
   758                      <       	D_RFCCaptureTrigTM0:			.EQU	00000001B	
   759                      <       	
   760                      <       P_RFC_TM0Data_LB:       		.EQU    P_RFC_Ctrl_Base+0x06  ;$0x34C6
   761                      <       P_RFC_TM0Data_HB:       		.EQU    P_RFC_Ctrl_Base+0x07  ;$0x34C7
   762                      <       P_RFC_TM0Cnt_LB:       			.EQU    P_RFC_Ctrl_Base+0x08  ;$0x34C8
   763                      <       P_RFC_TM0Cnt_HB:       			.EQU    P_RFC_Ctrl_Base+0x09  ;$0x34C9
   764                      <       
   765                      <       P_RFC_TM1Data_LB:       		.EQU    P_RFC_Ctrl_Base+0x0A  ;$0x34CA
   766                      <       P_RFC_TM1Data_HB:       		.EQU    P_RFC_Ctrl_Base+0x0B  ;$0x34CB
   767                      <       P_RFC_TM1Cnt_LB:				.EQU    P_RFC_Ctrl_Base+0x0C  ;$0x34CC
   768                      <       P_RFC_TM1Cnt_HB:       			.EQU    P_RFC_Ctrl_Base+0x0D  ;$0x34CD
   769                      <       
   770                      <       P_RFC_TM1CapData_LB:       		.EQU    P_RFC_Ctrl_Base+0x0E  ;$0x34CE
   771                      <       P_RFC_TM1CapData_HB:		  	.EQU    P_RFC_Ctrl_Base+0x0F  ;$0x34CF
   772                      <       	
   773                      <       
   774                      <       ;**********************************************************************
   775                      <       ;ROM Checksum
   776                      <       ;**********************************************************************
   777                      <       .IF (GPL815P04Ax)
   778                      <       ;	ROM Checksum : Bank0 address :		  0x4000 ~ 0x7FE5, 0x8000 ~ 0xBFFF
   779                      <       ;				   NMI and Reset Vector : 0xFFFA ~ 0xFFFD
   780                      <       ;				   
   781                      <       	D_Bank0UserRomStartAddr:		.EQU	0x4000		;0x4000 ~ 0x7FE5:User ROM Code
   782                      <       	D_Bank0UserRomEndAddr:			.EQU	0x7FE5
   783                      <       	D_Bank0HUserRomStartAddr:		.EQU	0x8000		;0x8000 ~ 0xBFFF:User ROM Code
   784                      <       	D_Bank0HUserRomEndAddr:			.EQU	0xBFFF	
   785                      <       	D_NMIandResetVectorStartAddr:	.EQU	0x7FFA
   786                      <       	D_NMIandResetVectorEndAddr:		.EQU	0x7FFD	
   787                      <       .ENDIF
   788                      <       
   789                      <       .IF (GPL815P04Ax_16KB)
   790                      <       ;	ROM Checksum : Bank0 address :		  0x4000 ~ 0x7FE5
   791                      <       ;				   NMI and Reset Vector : 0xFFFA ~ 0xFFFD
   792                      <       ;				   
   793                      <       	D_Bank0UserRomStartAddr:		.EQU	0x4000		;0x4000 ~ 0x7FE5:User ROM Code
   794                      <       	D_Bank0UserRomEndAddr:			.EQU	0x7FE5
   795                      <       	D_NMIandResetVectorStartAddr:	.EQU	0x7FFA
   796                      <       	D_NMIandResetVectorEndAddr:		.EQU	0x7FFD	
   797                      <       .ENDIF	
   798                      <       
   799                      <       .IF (GPL815P04Bx)
   800                      <       ;	ROM Checksum : Bank0 address :		  0x4400 ~ 0x7FE5, 0x8000 ~ 0xBFFF (0x4000 ~ 0x43FF for GP Test Code : 1K Bytes)
   801                      <       ;				   NMI and Reset Vector : 0xFFFA ~ 0xFFFD
   802                      <       ;				   
   803                      <       	D_Bank0UserRomStartAddr:		.EQU	0x4400		;0x4400 ~ 0x7FE5:User ROM Code
   804                      <       	D_Bank0UserRomEndAddr:			.EQU	0x7FE5
   805                      <       	D_Bank0HUserRomStartAddr:		.EQU	0x8000		;0x8000 ~ 0xBFFF:User ROM Code
   806                      <       	D_Bank0HUserRomEndAddr:			.EQU	0xBFFF	
   807                      <       	D_NMIandResetVectorStartAddr:	.EQU	0x7FFA
   808                      <       	D_NMIandResetVectorEndAddr:		.EQU	0x7FFD	
   809                      <       .ENDIF	
   810                      <       
   811                      <       .IF (GPL815P04Bx_15KB)
   812                      <       ;	ROM Checksum : Bank0 address :		  0x4400 ~ 0x7FE5 (0x4000 ~ 0x43FF for GP Test Code : 1K Bytes)
   813                      <       ;				   NMI and Reset Vector : 0xFFFA ~ 0xFFFD
   814                      <       ;				   
   815                      <       	D_Bank0UserRomStartAddr:		.EQU	0x4400		;0x4400 ~ 0x7FE5:User ROM Code
   816                      <       	D_Bank0UserRomEndAddr:			.EQU	0x7FE5
   817                      <       	D_NMIandResetVectorStartAddr:	.EQU	0x7FFA
   818                      <       	D_NMIandResetVectorEndAddr:		.EQU	0x7FFD	
   819                      <       .ENDIF
   820                      <       
   821                      <       .IF (GPL815P03Ax)
   822                      <       ;	ROM Checksum : Bank0 address :		  0x4000 ~ 0x7FE5, 0x8000 ~ 0x9FFF
   823                      <       ;				   NMI and Reset Vector : 0xFFFA ~ 0xFFFD
   824                      <       ;				   
   825                      <       	D_Bank0UserRomStartAddr:		.EQU	0x4000		;0x4000 ~ 0x7FE5:User ROM Code
   826                      <       	D_Bank0UserRomEndAddr:			.EQU	0x7FE5
   827                      <       	D_Bank0HUserRomStartAddr:		.EQU	0x8000		;0x8000 ~ 0x9FFF:User ROM Code
   828                      <       	D_Bank0HUserRomEndAddr:			.EQU	0x9FFF	
   829                      <       	D_NMIandResetVectorStartAddr:	.EQU	0x7FFA
   830                      <       	D_NMIandResetVectorEndAddr:		.EQU	0x7FFD
   831                      <       .ENDIF
   832                      <       
   833                      <       .IF (GPL815P03Bx)
   834                      <       ;	ROM Checksum : Bank0 address :		  0x4400 ~ 0x7FE5, 0x8000 ~ 0x9FFF (0x4000 ~ 0x43FF for GP Test Code : 1K Bytes)
   835                      <       ;				   NMI and Reset Vector : 0xFFFA ~ 0xFFFD
   836                      <       ;				   
   837                      <       	D_Bank0UserRomStartAddr:		.EQU	0x4400		;0x4400 ~ 0x7FE5:User ROM Code
   838                      <       	D_Bank0UserRomEndAddr:			.EQU	0x7FE5
   839                      <       	D_Bank0HUserRomStartAddr:		.EQU	0x8000		;0x8000 ~ 0x9FFF:User ROM Code
   840                      <       	D_Bank0HUserRomEndAddr:			.EQU	0x9FFF	
   841                      <       	D_NMIandResetVectorStartAddr:	.EQU	0x7FFA
   842                      <       	D_NMIandResetVectorEndAddr:		.EQU	0x7FFD
   843                      <       .ENDIF	
   844                      <       
   845                      <       .IF (GPL815P02Ax)
   846                      <       ;	ROM Checksum : Bank0 address :		  0x4000 ~ 0x7FE5
   847                      <       ;				   NMI and Reset Vector : 0xFFFA ~ 0xFFFD
   848                      <       ;				   
   849                      <       	D_Bank0UserRomStartAddr:		.EQU	0x4000		;0x4000 ~ 0x7FE5:User ROM Code
   850                      <       	D_Bank0UserRomEndAddr:			.EQU	0x7FE5
   851                      <       	D_NMIandResetVectorStartAddr:	.EQU	0x7FFA
   852                      <       	D_NMIandResetVectorEndAddr:		.EQU	0x7FFD	
   853                      <       .ENDIF	
   854                      <       ; ========================================================================================
   855                      <       ; Macro Name	: M_UserRomChecksum
   856                      <       ; Parameters	: None
   857                      <       ; Return Value	: R_ChecksumResult: bit[7:0]
   858                      <       ;				: R_ChecksumResult + 1: bit[15:8]
   859                      <       ;				: R_ChecksumResult + 2: bit[23:16]
   860                      <       ;				: R_ChecksumResult + 3: bit[31:24]
   861                      <       ; Description	: Calculate user ROM area code checksum
   862                      <       ; Destroy		: A, X
   863                      <       ; Example		: %M_UserRomChecksum	R_ChecksumAddrPtr, R_ChecksumResult
   864                      <       ; ========================================================================================	
   865                      <       %M_UserRomChecksum:	.MACRO	R_ChecksumAddrPtr, R_ChecksumResult
   866                      <       	LDA		#0
   867                      <       	STA		R_ChecksumResult					;Result Byte0
   868                      <       	STA		R_ChecksumResult + 1				;Result Byte1
   869                      <       	STA		R_ChecksumResult + 2				;Result Byte2
   870                      <       	STA		R_ChecksumResult + 3				;Result Byte3
   871                      <       ;=================== Bank 0 ==================================================	
   872                      <       	LDA		#.HIGH.D_Bank0UserRomStartAddr
   873                      <       	STA		R_ChecksumAddrPtr + 1				;Start High Byte
   874                      <       	LDA		#.LOW.D_Bank0UserRomStartAddr
   875                      <       	STA		R_ChecksumAddrPtr					;Start Low Byte
   876                      <       		
   877                      <       	LDY		#0	
   878                      <       
   879                      <       L_ChecksumLoop1?
   880                      <       	STA	   P_WDT_Clear	
   881                      <       	CLC
   882                      <       	LDA		(R_ChecksumAddrPtr),Y
   883                      <       	ADC		R_ChecksumResult					;Result Low Byte
   884                      <       	STA		R_ChecksumResult					;Result Low Byte
   885                      <       	BCC		L_CheckAddress1?
   886                      <       	INC		R_ChecksumResult + 1				;Result Byte1
   887                      <       	BNE		L_CheckAddress1?
   888                      <       	INC		R_ChecksumResult + 2				;Result Byte3
   889                      <       	BNE		L_CheckAddress1?
   890                      <       	INC		R_ChecksumResult + 3				;Result Byte4
   891                      <       		
   892                      <       L_CheckAddress1?:
   893                      <       	LDA		R_ChecksumAddrPtr + 1				;Address Pointer HB
   894                      <       	CMP		#.HIGH.D_Bank0UserRomEndAddr		;End High Byte
   895                      <       	BNE		L_IncreaseAdd1?
   896                      <       	
   897                      <       	LDA		R_ChecksumAddrPtr					;Address Pointer LB
   898                      <       	CMP		#.LOW.D_Bank0UserRomEndAddr			;End Low Byte
   899                      <       	BEQ		L_ExitRomSum1?
   900                      <       	
   901                      <       L_IncreaseAdd1?:
   902                      <       	INC		R_ChecksumAddrPtr					;Address Pointer LB
   903                      <       	BNE		L_ChecksumLoop1?
   904                      <       	INC		R_ChecksumAddrPtr + 1				;Address Pointer HB
   905                      <       	JMP		L_ChecksumLoop1?	
   906                      <       		
   907                      <       L_ExitRomSum1?:		
   908                      <       .IF (GPL815P04Ax+GPL815P04Bx+GPL815P03Ax+GPL815P03Bx)	
   909                      <       ;===================================Bank0H==============================================
   910                      <       	LDA		#.HIGH.D_Bank0HUserRomStartAddr
   911                      <       	STA		R_ChecksumAddrPtr + 1				;Start High Byte
   912                      <       	LDA		#.LOW.D_Bank0HUserRomStartAddr
   913                      <       	STA		R_ChecksumAddrPtr
   914                      <       	
   915                      <       L_ChecksumLoop1H?
   916                      <       	STA	   P_WDT_Clear	
   917                      <       	CLC
   918                      <       	LDA		(R_ChecksumAddrPtr),Y
   919                      <       	ADC		R_ChecksumResult					;Result Low Byte
   920                      <       	STA		R_ChecksumResult					;Result Low Byte
   921                      <       	BCC		L_CheckAddress1H?
   922                      <       	INC		R_ChecksumResult + 1				;Result Byte1
   923                      <       	BNE		L_CheckAddress1H?
   924                      <       	INC		R_ChecksumResult + 2				;Result Byte3
   925                      <       	BNE		L_CheckAddress1H?
   926                      <       	INC		R_ChecksumResult + 3				;Result Byte4
   927                      <       		
   928                      <       L_CheckAddress1H?:
   929                      <       	LDA		R_ChecksumAddrPtr + 1				;Address Pointer HB
   930                      <       	CMP		#.HIGH.D_Bank0HUserRomEndAddr		;End High Byte
   931                      <       	BNE		L_IncreaseAdd1H?
   932                      <       	
   933                      <       	LDA		R_ChecksumAddrPtr					;Address Pointer LB
   934                      <       	CMP		#.LOW.D_Bank0HUserRomEndAddr			;End Low Byte
   935                      <       	BEQ		L_ExitRomSum1H?
   936                      <       	
   937                      <       L_IncreaseAdd1H?:
   938                      <       	INC		R_ChecksumAddrPtr					;Address Pointer LB
   939                      <       	BNE		L_ChecksumLoop1H?
   940                      <       	INC		R_ChecksumAddrPtr + 1				;Address Pointer HB
   941                      <       	JMP		L_ChecksumLoop1H?	
   942                      <       		
   943                      <       L_ExitRomSum1H?:	
   944                      <       .ENDIF	
   945                      <       ;===================NMI & Reset Vector==================================================		
   946                      <       	LDA		#.HIGH.D_NMIandResetVectorStartAddr
   947                      <       	STA		R_ChecksumAddrPtr + 1				; Start High Byte
   948                      <       	LDA		#.LOW.D_NMIandResetVectorStartAddr
   949                      <       	STA		R_ChecksumAddrPtr					;Start Low Byte
   950                      <       		
   951                      <       L_ChecksumLoop2?
   952                      <       	STA	   P_WDT_Clear		
   953                      <       	CLC
   954                      <       	LDA		(R_ChecksumAddrPtr),Y
   955                      <       	ADC		R_ChecksumResult					;Result Low Byte
   956                      <       	STA		R_ChecksumResult					;Result Low Byte
   957                      <       	BCC		L_CheckAddress2?
   958                      <       	INC		R_ChecksumResult + 1				;Result Byte2
   959                      <       	BNE		L_CheckAddress2?
   960                      <       	INC		R_ChecksumResult + 2				;Result Byte3
   961                      <       	BNE		L_CheckAddress2?
   962                      <       	INC		R_ChecksumResult + 3				;Result Byte4
   963                      <       		
   964                      <       L_CheckAddress2?:
   965                      <       	LDA		R_ChecksumAddrPtr + 1				;Address Pointer HB
   966                      <       	CMP		#.HIGH.D_NMIandResetVectorEndAddr	;End High Byte
   967                      <       	BNE		L_IncreaseAdd2?
   968                      <       	
   969                      <       	LDA		R_ChecksumAddrPtr					;Address Pointer LB
   970                      <       	CMP		#.LOW.D_NMIandResetVectorEndAddr	;End Low Byte
   971                      <       	BEQ		L_ExitRomSum2?
   972                      <       	
   973                      <       L_IncreaseAdd2?:
   974                      <       	INC		R_ChecksumAddrPtr					;Address Pointer LB
   975                      <       	BNE		L_ChecksumLoop2?
   976                      <       	INC		R_ChecksumAddrPtr + 1				;Address Pointer HB
   977                      <       	JMP		L_ChecksumLoop2?	
   978                      <       		
   979                      <       L_ExitRomSum2?:	
   980                      <       	.ENDM
   981                      <       
   982                      <       	.ENDIF
   983                      <       .endif
   984                      <       	.ENDIF	
   985                      <       
   986                              
   987                              ;=====================================================================
   988                              ; Basic Settings for User
   989                              ;=====================================================================
   990                              ; Initial types:
   991                              	INIT_NPAGE:			.DEFL 1				; Initial the NPAGE data
   992                              ; Actions after main():
   993                              ;	HINT: please setup only 'ONE' of the followings.
   994                              	LOOP_AT_END:		.DEFL 1				; Endless waiting after main()
   995                              	SW_BRK:				.DEFL 0				; Entering SBK instruction
   996                              	HW_HALT:			.DEFL 0				; Exception of invalid instruction
   997                              
   998                              ;=====================================================================
   999                              ; GLOBAL area
  1000                              ;=====================================================================
  1001                              	.GLOBAL _V_RESET
  1002                              	.GLOBAL __program_end
  1003                              	
  1004                              ;=====================================================================
  1005                              ; EXTERN area
  1006                              ;=====================================================================
  1007                              	.EXTERN _main									; where to begin execution
  1008                              	.EXTERN _low_level_init				; user added init code
  1009                              	.EXTERN _V_NMI
  1010                              
  1011                              ;=====================================================================
  1012                              ; EXTERN area of section info (FIXME, in future)
  1013                              ;=====================================================================
  1014                              	.EXTERN GPAddressOf_PAGE0
  1015                              	.EXTERN GPSizeOf_PAGE0
  1016                              	.EXTERN GPAddressOf_NSEC
  1017                              	.EXTERN GPSizeOf_NSEC
  1018                              	.EXTERN GPAddressOf_INIT_TAB			; address of init table
  1019                              	.EXTERN GPSizeOf_INIT_TAB				; size of init table
  1020                              	.EXTERN GPAddressOf_CODE				; address of init table
  1021                              
  1022                              ;=====================================================================
  1023                              ; PUBLIC area
  1024                              ;=====================================================================
  1025                              	.PUBLIC	V_RESET
  1026                              	.PUBLIC	_P_BANK_Sel
  1027                              
  1028                              ;=====================================================================
  1029                              ; Temporary data area
  1030                              ;=====================================================================
  1031                              	_P_BANK_Sel:				.EQU	P_BANK_Sel
  1032                              	
  1033                              	INS_SRC_ADDR_L:				.EQU 0x00	; low addr of source
  1034                              	INS_SRC_ADDR_H:				.EQU 0x01	; high addr of source
  1035                              	
  1036                              	INS_SRC_SIZE_L:				.EQU 0x02	; low size of source
  1037                              	INS_SRC_SIZE_H:				.EQU 0x03	; high size of source
  1038                              	
  1039                              	INS_DES_ADDR_L:				.EQU 0x04	; low addr of destination
  1040                              	INS_DES_ADDR_H:				.EQU 0x05	; high addr of destination
  1041                              
  1042                              	INS_INIT_TAB_SIZE:			.EQU 0x06	; size of INIT_TAB
  1043                              	
  1044                              	TEMPCOUNT_SIZE_H:			.EQU 0x07	
  1045                              	OFFSET_INIT_TAB:			.EQU 0x08
  1046                              	
  1047                              	TAB_RCRD_SIZE:				.EQU 0x7	; record size in init table
  1048                              
  1049                              ;=====================================================================
  1050                              ; Starting setup/reset code 
  1051                              ; GSINIT0 - where the execution actually begins
  1052                              ;=====================================================================
  1053 0000C000                     GSINIT0:         .SECTION
  1054 0000C000                     _V_RESET:
  1055 0000C000                     V_RESET:
  1056 0000C000 D8                  	CLD						; set default mode
  1057 0000C001 A2 FF               	LDX	#0xFF				; set up stack pointer
  1058 0000C003 9A                  	TXS
  1059                              ;=====================================================================
  1060                              ; Call __low_level_init to perform initialization 
  1061                              ; before initializing segments and calling main.
  1062                              ; If the function returns 0 no segment initialization should take place.
  1063                              ; Link with your own version of __low_level_init 
  1064                              ; to override the default action: to do nothing but return 1.
  1065                              ;=====================================================================	
  1066 0000C004 20 A0 C7            	JSR	_low_level_init
  1067 0000C007 A8                  	TAY						; test return value
  1068 0000C008 D0 03               	BNE seg_init
  1069 0000C00A 4C 81 C0            	JMP seg_init_end		; ready to execute GSINIT
  1070                              ;=====================================================================	
  1071                              ; Copy initialized PROMmed code to shadow RAM and clear
  1072                              ; uninitialized variables.
  1073                              ;=====================================================================	
  1074 0000C00D                     seg_init:					; seg_init() start
  1075                              
  1076                              ;=======================================
  1077                              ; Copy N_CDATA into N_IDATA (option)
  1078                              ;=======================================
  1079                              .IF INIT_NPAGE
  1080                              ; Read the size of INIT_TAB
  1081 0000C00D A9 00               	LDA	#.HIGH8.GPSizeOf_INIT_TAB
  1082 0000C00F 8D 00 30            	STA	P_BANK_Sel
  1083 0000C012 A9 07                	LDA #.LOW.GPSizeOf_INIT_TAB
  1084 0000C014 85 06                	STA INS_INIT_TAB_SIZE
  1085 0000C016 F0 10               	BEQ skip5
  1086 0000C018 A2 00               	LDX #0x00
  1087 0000C01A 86 08               	STX OFFSET_INIT_TAB			; support up to 36 (=255/7) initial xdata sections
  1088 0000C01C                     loop5:
  1089                              ; Copy N_CDATA into N_IDATA according to the INIT_TAB's record
  1090 0000C01C 20 30 C0            	JSR _copy_mem
  1091 0000C01F                     skip6:
  1092                              ; for(INS_INIT_TAB_SIZE; INS_INIT_TAB_SIZE > 0; INS_INIT_TAB_SIZE -= TAB_RCRD_SIZE)
  1093 0000C01F A5 06               	LDA	INS_INIT_TAB_SIZE
  1094 0000C021 38                  	SEC
  1095 0000C022 E9 07               	SBC	#TAB_RCRD_SIZE
  1096 0000C024 85 06               	STA	INS_INIT_TAB_SIZE
  1097 0000C026 D0 F4               	BNE	loop5
  1098 0000C028                     skip5:
  1099 0000C028 A9 00               	LDA	#.HIGH8.__program_startup
  1100 0000C02A 8D 00 30            	STA P_BANK_Sel					; save bank ID to _P_BANK_Sel
  1101 0000C02D 4C 81 C0            	JMP seg_init_end				; ready to execute GSINIT
  1102                              		
  1103 0000C030                     _copy_mem:
  1104                              ; Load rescord in INIT_TAB
  1105                              ; Setup start address of des
  1106 0000C030 A6 08               	LDX OFFSET_INIT_TAB
  1107 0000C032 BD B1 C1            	LDA GPAddressOf_INIT_TAB, X		; load des's low addr
  1108 0000C035 85 04               	STA INS_DES_ADDR_L
  1109 0000C037 E8                  	INX
  1110 0000C038 BD B1 C1            	LDA GPAddressOf_INIT_TAB, X		; load des's high addr
  1111 0000C03B 85 05               	STA INS_DES_ADDR_H
  1112                              ; Setup start address of source
  1113 0000C03D E8                  	INX
  1114 0000C03E BD B1 C1            	LDA GPAddressOf_INIT_TAB, X		; load src's low addr
  1115 0000C041 85 00               	STA INS_SRC_ADDR_L
  1116 0000C043 E8                  	INX
  1117 0000C044 BD B1 C1            	LDA GPAddressOf_INIT_TAB, X		; load src's high addr
  1118 0000C047 85 01               	STA INS_SRC_ADDR_H
  1119 0000C049 E8                  	INX
  1120 0000C04A BD B1 C1            	LDA GPAddressOf_INIT_TAB, X		; load bank ID
  1121 0000C04D 8D 00 30            	STA  P_BANK_Sel				; save bank ID to _P_BANK_Sel
  1122 0000C050 E8                  	INX
  1123                              ; Setup size of source
  1124 0000C051 BD B1 C1            	LDA GPAddressOf_INIT_TAB, X		; load src's low size
  1125 0000C054 85 02               	STA INS_SRC_SIZE_L
  1126 0000C056 E8                  	INX
  1127 0000C057 BD B1 C1            	LDA GPAddressOf_INIT_TAB, X		; load src's high size
  1128 0000C05A 85 03               	STA INS_SRC_SIZE_H
  1129 0000C05C E8                  	INX
  1130 0000C05D 86 08               	STX OFFSET_INIT_TAB
  1131                              ; Start copy
  1132 0000C05F A9 00               	LDA #0x00
  1133 0000C061 A8                  	TAY
  1134 0000C062 A6 03               	LDX INS_SRC_SIZE_H				; copy blocks
  1135 0000C064 F0 0E               	BEQ skip7
  1136 0000C066                     loop6:
  1137 0000C066 B1 00               	LDA (INS_SRC_ADDR_L), Y
  1138 0000C068 91 04               	STA (INS_DES_ADDR_L), Y
  1139 0000C06A C8                  	INY
  1140 0000C06B D0 F9               	BNE loop6
  1141 0000C06D E6 01               	INC INS_SRC_ADDR_H
  1142 0000C06F E6 05               	INC INS_DES_ADDR_H
  1143 0000C071 CA                  	DEX
  1144 0000C072 D0 F2               	BNE loop6
  1145 0000C074                     skip7:
  1146 0000C074 A6 02               	LDX INS_SRC_SIZE_L				; copy the rest
  1147 0000C076 F0 08               	BEQ skip8
  1148 0000C078                     loop7:
  1149 0000C078 B1 00               	LDA (INS_SRC_ADDR_L), Y
  1150 0000C07A 91 04               	STA (INS_DES_ADDR_L), Y
  1151 0000C07C C8                  	INY
  1152 0000C07D CA                  	DEX
  1153 0000C07E D0 F8               	BNE loop7
  1154 0000C080                     skip8:
  1155 0000C080 60                  	RTS
  1156                              .ENDIF
  1157                              
  1158 0000C081                     seg_init_end:
  1159                              ; seg_init() end
  1160                                               .ENDS
  1161                              
  1162 0000C081                     GSFINAL:         .SECTION
  1163 0000C081 4C 9A C7            	JMP	__program_startup
  1164                                               .ENDS
  1165                              
  1166 0000C79A                     .CODE
  1167 0000C79A                     __program_startup:
  1168 0000C79A 20 CA C3            	JSR _main				; execute main()
  1169                              ;=====================================================================	
  1170                              ; Now when we are ready with our C program we must perform a
  1171                              ; system-dependent action. Slecet one of the followings.
  1172                              ;=====================================================================
  1173 0000C79D                     __program_end:
  1174                              .IF	LOOP_AT_END
  1175 0000C79D 4C 9D C7            	JMP	$					; 1. Endless Loop
  1176                              .ENDIF
  1177                              .IF SW_BRK
  1178                              	BRK						; 2. BRK for debuggger
  1179                              .ENDIF
  1180                              .IF HW_HALT
  1181                              	.DB 4Bh					; 3. Invalid code
  1182                              .ENDIF
  1183                                               .ENDS
  1184                              
0 Error(s), 0 Warning(s).

