        Generalplus 6502 Assembler - Version 1.7.1.0  
              Listing File Has Been Relocated

     1                              				.SYNTAX 6502
     2                                              .LINKLIST
     3                                              .SYMBOLS
     4                                              
     5                              ;==================================================================================
     6                              ; The information contained herein is the exclusive property of
     7                              ; Generalplus Technology Co. And shall !be distributed, reproduced,
     8                              ; or disclosed in whole in part without prior written permission.
     9                              ;       (C) COPYRIGHT 2010   Generalplus TECHNOLOGY CO.                            
    10                              ;                   ALL RIGHTS RESERVED
    11                              ; The entire notice above must be reproduced on all authorized copies.
    12                              ;==================================================================================
    13                              ;==========================================================================
    14                              ; Program Name: UART_Code.asm
    15                              ; Applied body: GPL815P Series Body
    16                              ; Programmer  : Frank Kung
    17                              ; Description : UART Driver Code
    18                              ; History version
    19                              ; Rev #     Date       Who          Comments
    20                              ; -----  -----------  -----------  --------------------------------------------
    21                              ; 1.0     2014/10/22  Frank Kung    Oringinal Version
    22                              ;==========================================================================
    23                              
    24                              
    25                              ;==================================================================================
    26                              ; Include file area
    27                              ;==================================================================================
    28                              .INCLUDE	GPL815P.inc
    29                      <       	.IFDEF		GPL815_SERIES
    30                      <       
    31                      <       ;---------------------------------
    32                      <       GPL815P02Ax		.EQU		1
    33                      <       ;---------------------------------
    34                      <       
    35                      <       .ifndef GPL815P_Body_inc
    36                      <       GPL815P_Body_inc:    .EQU    1
    37                      <       ;==================================================================================
    38                      <       ; The information contained herein is the exclusive property of
    39                      <       ; Generalplus Technology Co. And shall not be distributed, reproduced,
    40                      <       ; or disclosed in whole in part without prior written permission.
    41                      <       ;       (C) COPYRIGHT 2014   Generalplus TECHNOLOGY CO.                            
    42                      <       ;                   ALL RIGHTS RESERVED
    43                      <       ; The entire notice above must be reproduced on all authorized copies.
    44                      <       ;==================================================================================
    45                      <       ;==================================================================================
    46                      <       ; Program Name: GPL815P series register declare
    47                      <       ; Applied body:  
    48                      <       ; Programmer  : Frank Kung
    49                      <       ; Description : 
    50                      <       ;             : V0.1
    51                      <       ; History version
    52                      <       ; Rev #  Date         Who         Comments
    53                      <       ; -----  -----------  --------    ---------------------------------------------------
    54                      <       ; 0.1    2024/08/19   Frank Kung    release
    55                      <       ; 0.2    2025/03/31   Frank Kung    Add Body :   GPL815P02Ax
    56                      <       ;==================================================================================
    57                      <       ;==================================================================================
    58                      <       
    59                      <       P_System_Ctrl_Base:                     .EQU    $3000
    60                      <       P_IO_Ctrl_Base:                         .EQU    $3080
    61                      <       P_INT_Ctrl_Base:                        .EQU    $30C0
    62                      <       P_TIMER_Ctrl_Base:                      .EQU    $3110
    63                      <       P_UART_Ctrl_Base:						.EQU	$3150
    64                      <       P_SPI_Ctrl_Base:                        .EQU    $3180
    65                      <       P_SWT_Ctrl_Base:                        .EQU    $3200
    66                      <       P_ADC_Ctrl_Base:                        .EQU    $3340 
    67                      <       P_I2C_Ctrl_Base:                        .EQU    $3360 
    68                      <       P_Buzzer_Ctrl_Base:						.EQU    $3371
    69                      <       P_AUX_Ctrl_Base:                        .EQU    $33D0
    70                      <       P_LCD_Ctrl_Base:                        .EQU    $3450
    71                      <       P_PWMIO_Ctrl_Base:                      .EQU    $3490
    72                      <       P_RFC_Ctrl_Base:						.EQU	$34C0
    73                      <       
    74                      <       
    75                      <           .IFNDEF GPL815P04Ax
    76                      <           GPL815P04Ax: .EQU    0
    77                      <           .ENDIF 
    78                      <           
    79                      <           .IFNDEF GPL815P04Ax_16KB
    80                      <           GPL815P04Ax_16KB: .EQU    0
    81                      <           .ENDIF     
    82                      <           
    83                      <           .IFNDEF GPL815P04Bx
    84                      <           GPL815P04Bx: .EQU    0
    85                      <           .ENDIF    
    86                      <           
    87                      <           .IFNDEF GPL815P04Bx_15KB
    88                      <           GPL815P04Bx_15KB: .EQU    0
    89                      <           .ENDIF         
    90                      <           
    91                      <           .IFNDEF GPL815P03Ax
    92                      <           GPL815P03Ax: .EQU    0
    93                      <           .ENDIF     
    94                      <             
    95                      <           .IFNDEF GPL815P03Bx
    96                      <           GPL815P03Bx: .EQU    0
    97                      <           .ENDIF   
    98                      <           
    99                      <           .IFNDEF GPL815P02Ax
   100                      <           GPL815P02Ax: .EQU    0
   101                      <           .ENDIF       
   102                      <       
   103                      <           
   104                      <       .IF (GPL815P04Ax+GPL815P04Ax_16KB+GPL815P04Bx+GPL815P04Bx_15KB+GPL815P03Ax+GPL815P03Bx+GPL815P02Ax)
   105                      <       GPL815P      .EQU    1
   106                      <       .ENDIF
   107                      <       
   108                      <       	.IFDEF GPL815P
   109                      <       ;===============================================================
   110                      <       ;               System base Control Registers
   111                      <       ;               Base Address Start from 0x3000 
   112                      <       ;===============================================================
   113                      <       ;==============  BANK Register  =============
   114                      <       P_BANK_Sel:                     .EQU    P_System_Ctrl_Base+0x00 ;$0x3000
   115                      <       
   116                      <       ;==========  CPU & Clock Register  ==========
   117                      <       P_CLK_IOSC_Ctrl:                 .EQU    P_System_Ctrl_Base+0x07 ;$0x3007
   118                      <       	D_CPUSysClkDiv1:				.EQU	00000000B
   119                      <       	D_CPUSysClkDiv2:				.EQU	00000001B
   120                      <       	D_CPUSysClkDiv4:				.EQU	00000010B
   121                      <       	D_CPUSysClkDiv8:				.EQU	00000011B
   122                      <       	D_SYS32K:						.EQU	00000000B
   123                      <       	D_SYS2M:						.EQU	00010000B
   124                      <       	D_SYS4M:						.EQU	00100000B
   125                      <       	D_SYS8M:						.EQU	00110000B	
   126                      <       	
   127                      <       P_SLP_Ctrl:						.EQU    P_System_Ctrl_Base+0x09 ;$0x3009
   128                      <       	D_SleepMode:					.EQU	01011010B
   129                      <       	D_GreenMode:					.EQU	10100101B
   130                      <       	
   131                      <       ;================  LVD Ctrl  ================
   132                      <       P_LVD_Ctrl:                     .EQU    P_System_Ctrl_Base+0x0A ;$0x300A
   133                      <       	D_LVDEn:						.EQU	10000000B
   134                      <       	D_LVDStatus:					.EQU	00100000B
   135                      <       	D_LVD2P1V:						.EQU	00000000B	
   136                      <       	D_LVD2P4V:						.EQU	00000001B	
   137                      <       	D_LVD3P0V:						.EQU	00000010B	
   138                      <       	D_LVD3P3V:						.EQU	00000011B	
   139                      <       	D_LVDLevelMask:					.EQU	00000011B	
   140                      <       		
   141                      <       ;===========  Watch Dog Register  ===========
   142                      <       P_WDT_Clear:					.EQU    P_System_Ctrl_Base+0x0B ;$0x300B
   143                      <       
   144                      <       ;=============  Reset Register  =============
   145                      <       P_RESET_Ctrl:					.EQU    P_System_Ctrl_Base+0x0C ;$0x300C
   146                      <       	D_LVRResetEn:					.EQU	00000001B
   147                      <       	D_IllegalAddrResetEn:			.EQU	00000010B
   148                      <       	D_SWResetEn:					.EQU	00000100B
   149                      <       	D_WDTResetEn:					.EQU	00001000B	
   150                      <       	
   151                      <       P_RESET_Status:					.EQU    P_System_Ctrl_Base+0x0D ;$0x300D
   152                      <       	D_LVRResetFlag:					.EQU	00000001B
   153                      <       	D_IllegalAddrResetFlag:			.EQU	00000010B
   154                      <       	D_SWResetFlag:					.EQU	00000100B
   155                      <       	D_WDTResetFlag:					.EQU	00001000B
   156                      <       	
   157                      <       
   158                      <       ;===============================================================
   159                      <       ;               IO base Control Registers
   160                      <       ;               Base Address Start from 0x3080 
   161                      <       ;=============================================================== 
   162                      <       ;===============  IO Register  ==============
   163                      <       P_IO_Ctrl1:                      .EQU    P_IO_Ctrl_Base+0x00     ;$0x3080
   164                      <       	D_IRDuty2:						.EQU	00000000B
   165                      <       	D_IRDuty3:						.EQU	00000010B
   166                      <       	D_IRDuty4:						.EQU	00000100B
   167                      <       	D_IRDuty5:						.EQU	00000110B	
   168                      <       	D_IREn:							.EQU	00001000B
   169                      <       	D_ExtI1Edge:					.EQU	00010000B
   170                      <       	D_ExtI1En:						.EQU	00100000B
   171                      <       	D_ExtI2Edge:					.EQU	01000000B
   172                      <       	D_ExtI2En:						.EQU	10000000B
   173                      <       	
   174                      <       P_IO_Ctrl2:                      .EQU    P_IO_Ctrl_Base+0x01     ;$0x3081
   175                      <       	D_RFC1En:						.EQU	00000001B
   176                      <       	D_RFC2En:						.EQU	00000010B	
   177                      <       	D_RFC1OutEn:					.EQU	00000100B
   178                      <       	D_RFC2OutEn:					.EQU	00001000B
   179                      <       	D_PA32KOutEn:					.EQU	01000000B
   180                      <       	D_PD32KOutEn:					.EQU	10000000B
   181                      <       	
   182                      <       P_IO_RFC_Ctrl:                   .EQU    P_IO_Ctrl_Base+0x02     ;$0x3082
   183                      <       	D_REF2En:						.EQU	00000001B
   184                      <       	D_SEN2AEn:						.EQU	00000010B
   185                      <       	D_SEN2BEn:						.EQU	00001000B	
   186                      <       	D_REF1En:						.EQU	00010000B
   187                      <       	D_SEN1AEn:						.EQU	00100000B
   188                      <       	D_SEN1BEn:						.EQU	10000000B
   189                      <       	
   190                      <       P_IO_LCDPORT_Ctrl:              .EQU    P_IO_Ctrl_Base+0x03     ;$0x3083
   191                      <       	D_PCEn:							.EQU	00000001B	
   192                      <       	D_PDEn:							.EQU	00000010B
   193                      <       	D_PEEn:							.EQU	00000100B
   194                      <       	D_ShiftSeg0:					.EQU	00000000B
   195                      <       	D_ShiftSeg8:					.EQU	00010000B
   196                      <       	D_ShiftSeg16:					.EQU	00100000B
   197                      <       	D_ShiftSeg24:					.EQU	00110000B	
   198                      <       		
   199                      <       P_IO_KeyChange_Ctrl1:           .EQU    P_IO_Ctrl_Base+0x04     ;$0x3084
   200                      <       P_IO_KeyChange_Ctrl2:           .EQU    P_IO_Ctrl_Base+0x05     ;$0x3085
   201                      <       
   202                      <       P_IO_PB_LINEN_Ctrl:				.EQU    P_IO_Ctrl_Base+0x06     ;$0x3086
   203                      <       
   204                      <       P_IO_PortA_Dir:                 .EQU    P_IO_Ctrl_Base+0x08     ;$0x3088
   205                      <       P_IO_PortA_Attrib:              .EQU    P_IO_Ctrl_Base+0x09     ;$0x3089
   206                      <       P_IO_PortA_Data:                .EQU    P_IO_Ctrl_Base+0x0A     ;$0x308A
   207                      <       P_IO_PortA_Buffer:              .EQU    P_IO_Ctrl_Base+0x0B     ;$0x308B
   208                      <       P_IO_PortA_SMT_En:				.EQU    P_IO_Ctrl_Base+0x0C     ;$0x308C
   209                      <       
   210                      <       P_IO_PortB_Dir:                 .EQU    P_IO_Ctrl_Base+0x10     ;$0x3090
   211                      <       P_IO_PortB_Attrib:              .EQU    P_IO_Ctrl_Base+0x11     ;$0x3091
   212                      <       P_IO_PortB_Data:                .EQU    P_IO_Ctrl_Base+0x12     ;$0x3092
   213                      <       P_IO_PortB_Buffer:              .EQU    P_IO_Ctrl_Base+0x13     ;$0x3093
   214                      <       P_IO_PortB_SMT_En:				.EQU    P_IO_Ctrl_Base+0x14     ;$0x3094
   215                      <       	
   216                      <       P_IO_PortC_Dir:                 .EQU    P_IO_Ctrl_Base+0x18     ;$0x3098
   217                      <       P_IO_PortC_Attrib:              .EQU    P_IO_Ctrl_Base+0x19     ;$0x3099
   218                      <       P_IO_PortC_Data:                .EQU    P_IO_Ctrl_Base+0x1A     ;$0x309A
   219                      <       P_IO_PortC_Buffer:              .EQU    P_IO_Ctrl_Base+0x1B     ;$0x309B
   220                      <       P_IO_PortC_SMT_En:				.EQU    P_IO_Ctrl_Base+0x1C     ;$0x309C
   221                      <       
   222                      <       P_IO_PortD_Dir:                 .EQU    P_IO_Ctrl_Base+0x20     ;$0x30A0
   223                      <       P_IO_PortD_Attrib:              .EQU    P_IO_Ctrl_Base+0x21     ;$0x30A1
   224                      <       P_IO_PortD_Data:                .EQU    P_IO_Ctrl_Base+0x22     ;$0x30A2
   225                      <       P_IO_PortD_Buffer:              .EQU    P_IO_Ctrl_Base+0x23     ;$0x30A3
   226                      <       P_IO_PortD_SMT_En:				.EQU    P_IO_Ctrl_Base+0x24     ;$0x30A4
   227                      <       
   228                      <       P_IO_PortE_Dir:                 .EQU    P_IO_Ctrl_Base+0x28     ;$0x30A8
   229                      <       P_IO_PortE_Attrib:              .EQU    P_IO_Ctrl_Base+0x29     ;$0x30A9
   230                      <       P_IO_PortE_Data:                .EQU    P_IO_Ctrl_Base+0x2A     ;$0x30AA
   231                      <       P_IO_PortE_Buffer:              .EQU    P_IO_Ctrl_Base+0x2B     ;$0x30AB
   232                      <       P_IO_PortE_SMT_En:				.EQU    P_IO_Ctrl_Base+0x2C     ;$0x30AC
   233                      <       	
   234                      <       
   235                      <       P_IO_Ctrl3:                     .EQU    P_IO_Ctrl_Base+0x30     ;$0x30B0
   236                      <       	D_PFEn:							.EQU	00000001B
   237                      <       	D_PGEn:							.EQU	00000010B
   238                      <       
   239                      <       P_IO_PortF_Buffer:				.EQU    P_IO_Ctrl_Base+0x31     ;$0x30B1
   240                      <       P_IO_PortG_Buffer:				.EQU    P_IO_Ctrl_Base+0x32     ;$0x30B2	
   241                      <       ;===============================================================
   242                      <       ;               Interrupt base Control Registers
   243                      <       ;               Base Address Start from 0x30C0 
   244                      <       ;=============================================================== 
   245                      <       ;============  INT/NMI Register  ============
   246                      <       P_NMI_Ctrl:                     .EQU    P_INT_Ctrl_Base+0x00    ;$0x30C0 
   247                      <       	D_LVDNMIEn:						.EQU	00000001B
   248                      <       	D_TM1NMIEn:						.EQU	00000010B
   249                      <       	D_TM0NMIEn:						.EQU	00000100B	
   250                      <       	D_ILLADRNMIEn:					.EQU	00010000B
   251                      <       	
   252                      <       P_NMI_Status:                   .EQU    P_INT_Ctrl_Base+0x01    ;$0x30C1
   253                      <       	D_LVDNMIFlag:						.EQU	00000001B
   254                      <       	D_TM1NMIFlag:						.EQU	00000010B
   255                      <       	D_TM0NMIFlag:						.EQU	00000100B	
   256                      <       	D_ILLADRNMIFlag:					.EQU	00010000B	
   257                      <       	
   258                      <       P_INT_Ctrl1:                    .EQU    P_INT_Ctrl_Base+0x02    ;$0x30C2
   259                      <       	D_FPIntEn:						.EQU	00000001B
   260                      <       	D_SPIInt_En:					.EQU	00000010B
   261                      <       	D_TM0IntEn:						.EQU	10000000B	
   262                      <       	
   263                      <       P_INT_Ctrl2:                    .EQU    P_INT_Ctrl_Base+0x03    ;$0x30C3   
   264                      <       	D_ExtI1IntEn:					.EQU	00000001B	
   265                      <       	D_ExtI2IntEn:					.EQU	00000010B
   266                      <       	D_TBLIntEn:						.EQU	00000100B
   267                      <       	D_TBHIntEn:						.EQU	00001000B	
   268                      <       	D_KeyIntEn:						.EQU	00010000B		
   269                      <       	D_TM1IntEn:						.EQU	00100000B
   270                      <       	D_RFCTM0IntEn:					.EQU	01000000B
   271                      <       	D_RFCTM1IntEn:					.EQU	10000000B
   272                      <       		
   273                      <       P_INT_Ctrl3:                    .EQU    P_INT_Ctrl_Base+0x04    ;$0x30C4 
   274                      <       	D_LVDIntEn:						.EQU	00000001B	
   275                      <       	D_ADCIntEn:						.EQU	00000010B
   276                      <       	D_UARTIntEn:					.EQU	00000100B
   277                      <       	D_SWTIntEn:						.EQU	00001000B
   278                      <       	D_I2CIntEn:						.EQU	00010000B
   279                      <       	D_PWMTMIntEn:					.EQU	00100000B
   280                      <       	D_CaptureIntEn:					.EQU	01000000B	
   281                      <       	
   282                      <       P_INT_Status1:            		.EQU    P_INT_Ctrl_Base+0x0A    ;$0x30CA 
   283                      <       	D_FP_Flag:						.EQU	00000001B
   284                      <       	D_SPI_Flag:						.EQU	00000010B
   285                      <       	D_TM0_Flag:						.EQU	10000000B	
   286                      <       	
   287                      <       P_INT_Status2:            		.EQU    P_INT_Ctrl_Base+0x0B    ;$0x30CB
   288                      <       	D_EXT1_Flag:					.EQU	00000001B
   289                      <       	D_EXT2_Flag:					.EQU	00000010B
   290                      <       	D_TBL_Flag:						.EQU	00000100B
   291                      <       	D_TBH_Flag:						.EQU	00001000B
   292                      <       	D_Key_Flag:						.EQU	00010000B
   293                      <       	D_TM1_Flag:						.EQU	00100000B
   294                      <       	D_RFCTM0_Flag:					.EQU	01000000B	
   295                      <       	D_RFCTM1_Flag:					.EQU	10000000B
   296                      <       	
   297                      <       P_INT_Status3:            		.EQU    P_INT_Ctrl_Base+0x0C    ;$0x30CC
   298                      <       	D_LVD_Flag:						.EQU	00000001B	
   299                      <       	D_ADC_Flag:						.EQU	00000010B
   300                      <       	D_UART_Flag:					.EQU	00000100B
   301                      <       	D_SWT_Flag:						.EQU	00001000B
   302                      <       	D_I2C_Flag:						.EQU	00010000B
   303                      <       	D_PWMTM_Flag:					.EQU	00100000B
   304                      <       	D_Capture_Flag:					.EQU	01000000B
   305                      <       	
   306                      <       P_INT_FP_Clear:					.EQU    P_INT_Ctrl_Base+0x10    ;$0x30D0 
   307                      <       P_INT_SPI_Clear:				.EQU    P_INT_Ctrl_Base+0x11    ;$0x30D1
   308                      <       P_INT_TM0_Clear:				.EQU    P_INT_Ctrl_Base+0x17    ;$0x30D7
   309                      <       P_INT_EXT1_Clear:				.EQU    P_INT_Ctrl_Base+0x18    ;$0x30D8
   310                      <       P_INT_EXT2_Clear:				.EQU    P_INT_Ctrl_Base+0x19    ;$0x30D9
   311                      <       P_INT_TBL_Clear:				.EQU    P_INT_Ctrl_Base+0x1A    ;$0x30DA 
   312                      <       P_INT_TBH_Clear:				.EQU    P_INT_Ctrl_Base+0x1B    ;$0x30DB 
   313                      <       P_INT_KEY_Clear:				.EQU    P_INT_Ctrl_Base+0x1C    ;$0x30DC
   314                      <       P_INT_TM1_Clear:				.EQU    P_INT_Ctrl_Base+0x1D    ;$0x30DD
   315                      <       P_INT_RFCTM0_Clear:				.EQU	P_INT_Ctrl_Base+0x1E    ;$0x30DE
   316                      <       P_INT_RFCTM1_Clear:				.EQU	P_INT_Ctrl_Base+0x1F    ;$0x30DF	
   317                      <       P_INT_LVD_Clear:				.EQU    P_INT_Ctrl_Base+0x20    ;$0x30E0
   318                      <       P_INT_ADC_Clear:				.EQU    P_INT_Ctrl_Base+0x21    ;$0x30E1
   319                      <       P_INT_UART_Clear:				.EQU    P_INT_Ctrl_Base+0x22    ;$0x30E2
   320                      <       P_INT_SWT_Clear:				.EQU    P_INT_Ctrl_Base+0x23    ;$0x30E3
   321                      <       P_INT_I2C_Clear:				.EQU    P_INT_Ctrl_Base+0x24    ;$0x30E4
   322                      <       P_INT_PWMTM_Clear:				.EQU    P_INT_Ctrl_Base+0x25    ;$0x30E5
   323                      <       P_INT_Capture_Clear:			.EQU    P_INT_Ctrl_Base+0x26    ;$0x30E6
   324                      <       P_NMI_LVD_Clear:				.EQU    P_INT_Ctrl_Base+0x30    ;$0x30F0
   325                      <       P_NMI_TM1_Clear:				.EQU    P_INT_Ctrl_Base+0x31    ;$0x30F1
   326                      <       P_NMI_TM0_Clear:				.EQU    P_INT_Ctrl_Base+0x32    ;$0x30F2
   327                      <       P_NMI_ILLADDR_Clear:			.EQU    P_INT_Ctrl_Base+0x34    ;$0x30F4
   328                      <       
   329                      <       
   330                      <       ;===============================================================
   331                      <       ;               TIME base Control Registers
   332                      <       ;               Base Address Start from 0x3110 
   333                      <       ;=============================================================== 
   334                      <       ;=============  Timer Register  =============
   335                      <       P_TIMER_TimeBase_Ctrl1:         .EQU    P_TIMER_Ctrl_Base+0x00  ;$0x3110
   336                      <       	D_TBRUN:						.EQU	00000001B
   337                      <       	D_TBRST:						.EQU	00010000B
   338                      <       	
   339                      <       P_TIMER_TimeBase_CNT:           .EQU    P_TIMER_Ctrl_Base+0x01  ;$0x3111
   340                      <       
   341                      <       P_TIMER_TimeBase_Ctrl2:		    .EQU    P_TIMER_Ctrl_Base+0x02  ;$0x3112
   342                      <       	D_1KHzEn:						.EQU	00000001B	
   343                      <       	D_512HzEn:						.EQU	00000010B	
   344                      <       	D_256HzEn:						.EQU	00000100B
   345                      <       	D_128HzEn:						.EQU	00001000B	
   346                      <       	D_32HzEn:						.EQU	00010000B	
   347                      <       	D_8HzEn:						.EQU	00100000B
   348                      <       	D_2HzEn:						.EQU	01000000B	
   349                      <       	D_1HzEn:						.EQU	10000000B	
   350                      <       	
   351                      <       P_TIMER_TimeBase_Status:            .EQU    P_TIMER_Ctrl_Base+0x03  ;$0x3113
   352                      <       	D_1KHz_Flag:					.EQU	00000001B	
   353                      <       	D_512Hz_Flag:					.EQU	00000010B	
   354                      <       	D_256Hz_Flag:					.EQU	00000100B
   355                      <       	D_128Hz_Flag:					.EQU	00001000B	
   356                      <       	D_32Hz_Flag:					.EQU	00010000B	
   357                      <       	D_8Hz_Flag:						.EQU	00100000B
   358                      <       	D_2Hz_Flag:						.EQU	01000000B	
   359                      <       	D_1Hz_Flag:						.EQU	10000000B
   360                      <       		
   361                      <       P_TIMER_EN:						.EQU	P_TIMER_Ctrl_Base+0x04  ;$0x3114
   362                      <       	D_TM0En:						.EQU	00000001B
   363                      <       	D_TM1En:						.EQU	00000010B
   364                      <       	
   365                      <       P_TIMER_Timer_Ctrl:         	.EQU    P_TIMER_Ctrl_Base+0x05  ;$0x3115	
   366                      <       	D_TM1stop:						.EQU	00000000B
   367                      <       	D_TM1ClkSysClk:					.EQU	00000001B
   368                      <       	D_TM1Clk32K:					.EQU	00000010B
   369                      <       	D_TM1ClkTM0:					.EQU	00000011B
   370                      <       	
   371                      <       	D_TM0Stop:						.EQU	00000000B
   372                      <       	D_TM0AClkSysClk:				.EQU	00100000B
   373                      <       	D_TM0AClk32K:					.EQU	01000000B
   374                      <       	D_TM0AClkEXT1:					.EQU	01100000B	
   375                      <       	D_TM0AClkEXT2:					.EQU	10000000B
   376                      <       	
   377                      <       	D_TM0BClkVDD:					.EQU	00000000B
   378                      <       	D_TM0BClkEXT1:					.EQU	00001000B
   379                      <       	D_TM0BClkEXT2:					.EQU	00001100B
   380                      <       	D_TM0BClk2Hz:					.EQU	00010000B	
   381                      <       	D_TM0BClk8Hz:					.EQU	00010100B
   382                      <       	D_TM0BClk32Hz:					.EQU	00011000B
   383                      <       	D_TM0BClk64Hz:					.EQU	00011100B	
   384                      <       
   385                      <       
   386                      <       P_TIMER_TM0Data_LB:             .EQU    P_TIMER_Ctrl_Base+0x08  ;$0x3118
   387                      <       P_TIMER_TM0Data_HB:             .EQU    P_TIMER_Ctrl_Base+0x09  ;$0x3119
   388                      <       P_TIMER_TM0CntData_LB:          .EQU    P_TIMER_Ctrl_Base+0x0A  ;$0x311A
   389                      <       P_TIMER_TM0CntData_HB:          .EQU    P_TIMER_Ctrl_Base+0x0B  ;$0x311B
   390                      <       
   391                      <       P_TIMER_TM1Data_LB:             .EQU    P_TIMER_Ctrl_Base+0x0C  ;$0x311C
   392                      <       P_TIMER_TM1Data_HB:             .EQU    P_TIMER_Ctrl_Base+0x0D  ;$0x311D
   393                      <       P_TIMER_TM1CntData_LB:          .EQU    P_TIMER_Ctrl_Base+0x0E  ;$0x311E
   394                      <       P_TIMER_TM1CntData_HB:          .EQU    P_TIMER_Ctrl_Base+0x0F  ;$0x311F
   395                      <       
   396                      <       
   397                      <       ;===============================================================
   398                      <       ;               SWT base Control Registers
   399                      <       ;               Base Address Start from 0x3200 
   400                      <       ;=============================================================== 
   401                      <       P_SWT_CTRL1:					.EQU    P_SWT_Ctrl_Base+0x00	;$0x3200
   402                      <       	D_SWTRun:						.EQU	00000001B
   403                      <       	D_SWTRst:						.EQU	00010000B	
   404                      <       
   405                      <       P_SWT_BCD_CNT:					.EQU    P_SWT_Ctrl_Base+0x01	;$0x3201
   406                      <       
   407                      <       P_SWT_1K_BCD:					.EQU    P_SWT_Ctrl_Base+0x02	;$0x3202
   408                      <       
   409                      <       P_SWT_Ctrl2:					.EQU    P_SWT_Ctrl_Base+0x03	;$0x3203
   410                      <       	D_T1HzEn:						.EQU	00000001B
   411                      <       	D_T10HzEn:						.EQU	00000010B
   412                      <       	D_T100HzEn:						.EQU	00000100B
   413                      <       	D_T1KHzEn:						.EQU	00001000B	
   414                      <       	
   415                      <       P_SWT_Status:					.EQU    P_SWT_Ctrl_Base+0x04	;$0x3204
   416                      <       	D_T1Hz_Flag:					.EQU	00000001B
   417                      <       	D_T10Hz_Flag:					.EQU	00000010B
   418                      <       	D_T100Hz_Flag:					.EQU	00000100B
   419                      <       	D_T1KHz_Flag:					.EQU	00001000B	
   420                      <       	
   421                      <       
   422                      <       ;===============================================================
   423                      <       ;               UART base Control Registers
   424                      <       ;               Base Address Start from 0x3150 
   425                      <       ;===============================================================
   426                      <       P_UART_Data:           			.EQU    P_UART_Ctrl_Base+0x00  ;$0x3150
   427                      <       
   428                      <       P_UART_RX_Status:           	.EQU    P_UART_Ctrl_Base+0x01  ;$0x3151
   429                      <       	D_FrameErrorFlag:				.EQU		00000001B
   430                      <       	D_ParityErrorFlag:				.EQU		00000010B
   431                      <       	D_BreakErrorFlag:				.EQU		00000100B
   432                      <       	D_OverrunErrorFlag:				.EQU		00001000B
   433                      <       	
   434                      <       	
   435                      <       P_UART_Ctrl1:           		.EQU    P_UART_Ctrl_Base+0x02  ;$0x3152	
   436                      <       	D_UARTReset:					.EQU		00001000B
   437                      <       	D_UARTEn:						.EQU		00010000B
   438                      <       	D_UARTRxTimeoutIntEn:			.EQU		00100000B
   439                      <       	D_UARTTxIntEn:					.EQU		01000000B
   440                      <       	D_UARTRxIntEn:					.EQU		10000000B
   441                      <       	
   442                      <       P_UART_Ctrl2:           		.EQU    P_UART_Ctrl_Base+0x03  ;$0x3153
   443                      <       	D_UARTSendBreak:				.EQU		00000001B
   444                      <       	D_UARTParityEn:					.EQU		00000010B
   445                      <       	D_UARTParityOdd:				.EQU		00000000B
   446                      <       	D_UARTParityEven:				.EQU		00000100B	
   447                      <       	D_UARTStopBit1:					.EQU		00000000B
   448                      <       	D_UARTStopBit2:					.EQU		00001000B	
   449                      <       	D_UARTFIFOEn:					.EQU		00010000B
   450                      <       	D_UARTDataBit5:					.EQU		00000000B
   451                      <       	D_UARTDataBit6:					.EQU		00100000B
   452                      <       	D_UARTDataBit7:					.EQU		01000000B
   453                      <       	D_UARTDataBit8:					.EQU		01100000B
   454                      <       	
   455                      <       P_UART_BaudRate_HB:           	.EQU    P_UART_Ctrl_Base+0x04  ;$0x3154
   456                      <       P_UART_BaudRate_LB:           	.EQU    P_UART_Ctrl_Base+0x05  ;$0x3155
   457                      <       
   458                      <       P_UART_Status1:           		.EQU    P_UART_Ctrl_Base+0x06  ;$0x3156
   459                      <       	D_RxTimeOutFlag:				.EQU		00100000B
   460                      <       	D_TxIntFlag:					.EQU 		01000000B
   461                      <       	D_RxIntFlag:					.EQU		10000000B
   462                      <       	
   463                      <       P_UART_Status2:           		.EQU    P_UART_Ctrl_Base+0x07  ;$0x3157
   464                      <       	D_UARTBusy:						.EQU		00001000B
   465                      <       	D_UARTRxFIFOEmpty:				.EQU		00010000B
   466                      <       	D_UARTTxFIFOFull:				.EQU		00100000B
   467                      <       	D_UARTRxFIFOFull:				.EQU		01000000B
   468                      <       	D_UARTTxFIFOEmpty:				.EQU		10000000B	
   469                      <       	
   470                      <       P_UART_FMD:           			.EQU    P_UART_Ctrl_Base+0x0A  ;$0x315A
   471                      <       
   472                      <       ;===============================================================
   473                      <       ;               SPI base Control Registers
   474                      <       ;               Base Address Start from 0x3180 
   475                      <       ;=============================================================== 
   476                      <       ;==============  SPI Register  ==============
   477                      <       .IF (GPL815P04Ax+GPL815P04Ax_16KB+GPL815P04Bx+GPL815P04Bx_15KB+GPL815P03Ax+GPL815P03Bx)
   478                      <       P_SPI_Ctrl:                    .EQU    P_SPI_Ctrl_Base+0x00    ;$0x3180
   479                      <       	D_SPICpuClkDiv2:				.EQU		00000000B
   480                      <       	D_SPICpuClkDiv4:				.EQU		00000001B
   481                      <       	D_SPICpuClkDiv8:				.EQU		00000010B
   482                      <       	D_SPICpuClkDiv16:				.EQU		00000011B
   483                      <       	D_SPICpuClkDiv32:				.EQU		00000100B
   484                      <       	D_SPICpuClkDiv64:				.EQU		00000101B
   485                      <       	D_SPICpuClkDiv128:				.EQU		00000110B
   486                      <       	D_SPIPolarity:					.EQU		00001000B
   487                      <       	D_SPIPhase:						.EQU		00010000B
   488                      <       	D_SPIMaster:					.EQU		00000000B
   489                      <       	D_SPISlaver:					.EQU		00100000B
   490                      <       	D_SPISelfLoopEn:				.EQU		01000000B
   491                      <       	D_SPIEn:						.EQU		10000000B
   492                      <       	
   493                      <       P_SPI_TX_Status:               .EQU    P_SPI_Ctrl_Base+0x01    ;$0x3181
   494                      <       	D_SPITxEmptyFlag:				.EQU		00000010B	
   495                      <       	D_SPITxIntEn:					.EQU		01000000B
   496                      <       	D_SPITxIntFlag:					.EQU		10000000B
   497                      <       	
   498                      <       P_SPI_TX_Ctrl:                 .EQU    P_SPI_Ctrl_Base+0x02    ;$0x3182
   499                      <       	D_SPITxFIFODataLvMask:			.EQU		00000111B
   500                      <       	D_SPITxFIFOIntLvMask:			.EQU		01110000B
   501                      <       
   502                      <       P_SPI_TX_Data:                 .EQU    P_SPI_Ctrl_Base+0x03    ;$0x3183
   503                      <       
   504                      <       P_SPI_RX_Status:               .EQU    P_SPI_Ctrl_Base+0x04    ;$0x3184
   505                      <       	D_SPIRxFIFOOverRun:				.EQU		00000001B	
   506                      <       	D_SPIRxStatusFIFOFull:			.EQU		00000010B
   507                      <       	D_SPIRxIntEn:					.EQU		01000000B
   508                      <       	D_SPIRxIntFlag:					.EQU		10000000B
   509                      <       	
   510                      <       P_SPI_RX_Ctrl:                 .EQU    P_SPI_Ctrl_Base+0x05    ;$0x3185
   511                      <       	D_SPIRxFIFODataLvMask:			.EQU		00000111B
   512                      <       	D_SPIRxFIFOIntLvMask:			.EQU		01110000B
   513                      <       
   514                      <       P_SPI_RX_Data:                 .EQU    P_SPI_Ctrl_Base+0x06    ;$0x3186
   515                      <       
   516                      <       P_SPI_Misc_Ctrl:               .EQU    P_SPI_Ctrl_Base+0x07    ;$0x3187
   517                      <       	D_SPITxFIFOEmpty:				.EQU		00000001B	
   518                      <       	D_SPITxFIFONotFull:				.EQU		00000010B
   519                      <       	D_SPIRxFIFONotEmpty:			.EQU		00000100B
   520                      <       	D_SPIMiscRxFIFOFull:			.EQU		00001000B
   521                      <       	D_SPIBusy:						.EQU		00010000B
   522                      <       	D_SPISmartEn:					.EQU		00100000B
   523                      <       	D_SPIOverWriteEn:				.EQU		01000000B
   524                      <       	D_SPIFIFOReset:					.EQU		10000000B
   525                      <       	
   526                      <       P_SPI_Port_Ctrl:               .EQU    P_SPI_Ctrl_Base+0x08    ;$0x3188
   527                      <       	D_SPIAutoRead:					.EQU		00000001B
   528                      <       	D_SPIIO:						.EQU		00000000B
   529                      <       	D_SPIPB:						.EQU		00000000B
   530                      <       	D_SPIPD:						.EQU		00001000B	
   531                      <       	D_SPICSDisable:					.EQU		00010000B
   532                      <       .ENDIF	
   533                      <       	
   534                      <       ;===============================================================
   535                      <       ;               ADC base Control Registers
   536                      <       ;               Base Address Start from 0x3340 
   537                      <       ;===============================================================
   538                      <       P_ADC_Ctrl1:					.EQU    P_ADC_Ctrl_Base+0x00    ;$0x3340
   539                      <       	D_ADCClkDiv2:					.EQU		00000000B
   540                      <       	D_ADCClkDiv4:					.EQU		00000001B
   541                      <       	D_ADCClkDiv8:					.EQU		00000010B
   542                      <       	D_ADCClkDiv12:					.EQU		00000011B
   543                      <       	D_ADCClkDiv16:					.EQU		00000100B	
   544                      <       	D_ADCClkDiv20:					.EQU		00000101B	
   545                      <       	D_ADCClkDiv24:					.EQU		00000110B	
   546                      <       	D_ADCClkDiv28:					.EQU		00000111B	
   547                      <       	
   548                      <       	D_ADCSHCycle2:					.EQU		00000000B
   549                      <       	D_ADCSHCycle4:					.EQU		00001000B
   550                      <       	D_ADCSHCycle8:					.EQU		00010000B	
   551                      <       	D_ADCSHCycle16:					.EQU		00011000B
   552                      <       	
   553                      <       	D_ADCTrigManual:				.EQU		00000000B	
   554                      <       	D_ADCTrigTM0:					.EQU		00100000B	
   555                      <       	D_ADCTrigTM1:					.EQU		01000000B
   556                      <       	
   557                      <       	D_ADCStart:						.EQU		10000000B
   558                      <       	
   559                      <       P_ADC_Ctrl2:					.EQU    P_ADC_Ctrl_Base+0x01    ;$0x3341
   560                      <       	D_ADCPB0:						.EQU		00000000B
   561                      <       	D_ADCPB1:						.EQU		00000001B	
   562                      <       	D_ADCPB2:						.EQU		00000010B	
   563                      <       	D_ADCPB3:						.EQU		00000011B	
   564                      <       	D_ADCPB4:						.EQU		00000100B	
   565                      <       	D_ADCPB5:						.EQU		00000101B	
   566                      <       	D_ADCPB6:						.EQU		00000110B	
   567                      <       	D_ADCPB7:						.EQU		00000111B
   568                      <       	D_ADCVREG:						.EQU		00001000B
   569                      <       	D_ADCVBAT:						.EQU		00001001B	
   570                      <       	D_ADCDiv5VDD:					.EQU		00001010B	
   571                      <       	D_ADCVSS:						.EQU		00001011B	
   572                      <       	
   573                      <       	D_ADCEn:						.EQU		00010000B		
   574                      <       	D_BatteryDetectEn:				.EQU		00100000B	
   575                      <       	D_ADCIntEnable:					.EQU		01000000B
   576                      <       	D_ADCStatus:					.EQU		10000000B	
   577                      <       	
   578                      <       P_ADC_Data_LB:					.EQU    P_ADC_Ctrl_Base+0x02    ;$0x3342
   579                      <       P_ADC_Data_HB:					.EQU    P_ADC_Ctrl_Base+0x03    ;$0x3343
   580                      <       P_ADC_VREF_Ctrl:				.EQU    P_ADC_Ctrl_Base+0x04    ;$0x3344
   581                      <       	D_ADCVregEn:					.EQU		00000001B
   582                      <       	D_ADCVreg1P8V:					.EQU		00000000B	
   583                      <       	D_ADCVreg2V:					.EQU		00000010B	
   584                      <       	D_ADCVreg2P4V:					.EQU		00000100B	
   585                      <       	D_ADCVreg2P6V:					.EQU		00000110B	
   586                      <       	D_ADCVreg3V:					.EQU		00001000B	
   587                      <       	D_ADCVreg3P2V:					.EQU		00001010B
   588                      <       	D_ADCVreg3P4V:					.EQU		00001100B
   589                      <       	D_ADCVregVDD:					.EQU		00001110B	
   590                      <       
   591                      <       	
   592                      <       ;===============================================================
   593                      <       ;               I2C base Control Registers
   594                      <       ;               Base Address Start from 0x3360 
   595                      <       ;===============================================================
   596                      <       .IF (GPL815P04Ax+GPL815P04Ax_16KB+GPL815P04Bx+GPL815P04Bx_15KB+GPL815P03Ax+GPL815P03Bx)
   597                      <       P_I2C_Ctrl:						.EQU    P_I2C_Ctrl_Base+0x00    ;$0x3360
   598                      <       	D_I2C_En:						.EQU		00000001B	
   599                      <       	D_I2C_TriggerEn:				.EQU		00000010B		
   600                      <       	D_I2C_ClockDiv128:				.EQU		00000000B	
   601                      <       	D_I2C_ClockDiv256:				.EQU		00000100B
   602                      <       	D_I2C_ClockDiv768:				.EQU		00001000B	
   603                      <       	D_I2C_ClockDiv1024:				.EQU		00001100B	
   604                      <       	D_I2C_Slaver:					.EQU		00010000B		
   605                      <       	D_I2C_Master:					.EQU		00000000B	
   606                      <       	D_Master_Nack:					.EQU		00100000B	
   607                      <       	D_Master_Ack:					.EQU		00000000B	
   608                      <       	D_Master_StopEn:				.EQU		01000000B	
   609                      <       	D_Master_StartEn:				.EQU		10000000B
   610                      <       	
   611                      <       P_I2C_Status:						.EQU    P_I2C_Ctrl_Base+0x01    ;$0x3361
   612                      <       	D_I2C_TrsDone:					.EQU		00000001B
   613                      <       	D_I2C_Ack:						.EQU		00000000B
   614                      <       	D_I2C_Nack:						.EQU		00000010B	
   615                      <       	D_I2C_IntEn:					.EQU		00000100B
   616                      <       	D_I2C_DIDErrIntEn:				.EQU		00010000B
   617                      <       	D_I2C_StopOK:					.EQU		00100000B	
   618                      <       	D_I2C_DataOK:					.EQU		01000000B	
   619                      <       	D_I2C_DIDOK:					.EQU		10000000B		
   620                      <       	
   621                      <       P_I2C_ID:						.EQU    P_I2C_Ctrl_Base+0x02    ;$0x3362
   622                      <       	D_I2C_Write:					.EQU		00000000B
   623                      <       	D_I2C_Read:						.EQU		00000001B	
   624                      <       P_I2C_Data:						.EQU    P_I2C_Ctrl_Base+0x03    ;$0x3363
   625                      <       P_I2C_Debounce:					.EQU    P_I2C_Ctrl_Base+0x04    ;$0x3364
   626                      <       .ENDIF
   627                      <       
   628                      <       ;===============================================================
   629                      <       ;               Buzzer base Control Registers
   630                      <       ;               Base Address Start from 0x3371 
   631                      <       ;===============================================================	
   632                      <       P_AUDIO_BZ_Ctrl:						.EQU    P_Buzzer_Ctrl_Base+0x00    ;$0x3371
   633                      <       	D_BZSrc:						.EQU		00000001B
   634                      <       	D_BZOn:							.EQU		10000000B	
   635                      <       
   636                      <       
   637                      <       ;===============================================================
   638                      <       ;               AUX base Registers
   639                      <       ;               Base Address Start from 0x33D0 
   640                      <       ;=============================================================== 
   641                      <       ;=========  Bit Operation Register  ========= 
   642                      <       P_AUX_DataX:                    .EQU    P_AUX_Ctrl_Base+0x00    ;$0x33D0
   643                      <       P_AUX_DataY:                    .EQU    P_AUX_Ctrl_Base+0x01    ;$0x33D1
   644                      <       P_AUX_BPPExtend_IN:             .EQU    P_AUX_Ctrl_Base+0X02    ;$0x33D2
   645                      <       P_AUX_DataX_0H:                 .EQU    P_AUX_Ctrl_Base+0x06    ;$0x33D6
   646                      <       P_AUX_DataX_0L:                 .EQU    P_AUX_Ctrl_Base+0x07    ;$0x33D7
   647                      <       P_AUX_DataY_0H:                 .EQU    P_AUX_Ctrl_Base+0x08    ;$0x33D8
   648                      <       P_AUX_DataY_0L:                 .EQU    P_AUX_Ctrl_Base+0x09    ;$0x33D9
   649                      <       P_AUX_DataX_H0:                 .EQU    P_AUX_Ctrl_Base+0x0A    ;$0x33DA
   650                      <       P_AUX_DataX_L0:                 .EQU    P_AUX_Ctrl_Base+0x0B    ;$0x33DB
   651                      <       P_AUX_DataY_H0:                 .EQU    P_AUX_Ctrl_Base+0x0C    ;$0x33DC
   652                      <       P_AUX_DataY_L0:                 .EQU    P_AUX_Ctrl_Base+0x0D    ;$0x33DD
   653                      <       P_AUX_DataX_LH:                 .EQU    P_AUX_Ctrl_Base+0x0E    ;$0x33DE
   654                      <       P_AUX_DataY_LH:                 .EQU    P_AUX_Ctrl_Base+0x0F    ;$0x33DF
   655                      <       P_AUX_DataXY_XLYH:              .EQU    P_AUX_Ctrl_Base+0x10    ;$0x33E0
   656                      <       P_AUX_DataXY_YLXH:              .EQU    P_AUX_Ctrl_Base+0x11    ;$0x33E1
   657                      <       P_AUX_DataX_Mirror:             .EQU    P_AUX_Ctrl_Base+0x12    ;$0x33E2
   658                      <       P_AUX_DataY_Mirror:             .EQU    P_AUX_Ctrl_Base+0x13    ;$0x33E3
   659                      <       P_AUX_BPPExtendOut_LB:          .EQU    P_AUX_Ctrl_Base+0x14    ;$0x33E4
   660                      <       P_AUX_BPPExtendOut_HB:          .EQU    P_AUX_Ctrl_Base+0x15    ;$0x33E5
   661                      <       
   662                      <       
   663                      <       ;===============================================================
   664                      <       ;               LCD base Registers
   665                      <       ;               Base Address Start from 0x3450 
   666                      <       ;=============================================================== 
   667                      <       ;==============  LCD Register  ==============
   668                      <       P_LCD_Ctrl1:                    .EQU    P_LCD_Ctrl_Base+0x00    ;$0x3450
   669                      <       	D_DisplayOn:					.EQU	00001000B
   670                      <       	D_LCDEn:						.EQU	10000000B
   671                      <       
   672                      <       P_LCD_Ctrl2:                    .EQU    P_LCD_Ctrl_Base+0x01    ;$0x3451
   673                      <       	D_LCDStrobeTimeMask:			.EQU	00001111B
   674                      <       	D_LCDStrobeEn:					.EQU	00010000B
   675                      <       	D_LCDAllOff:					.EQU	00100000B
   676                      <       	D_LCDAllOn:						.EQU	01000000B
   677                      <       	
   678                      <       P_LCD_Clock:                    .EQU    P_LCD_Ctrl_Base+0x02    ;$0x3452
   679                      <       	D_LCDclk32K:					.EQU	00000000B
   680                      <       	D_LCDclk16K:					.EQU	00010000B
   681                      <       	D_LCDclk8K:						.EQU	00100000B	
   682                      <       	D_LCDclk4K:						.EQU	00110000B	
   683                      <       
   684                      <       P_LCD_SEG_Num:					.EQU    P_LCD_Ctrl_Base+0x03    ;$0x3453
   685                      <       	D_32SEG:						.EQU	00000011B	
   686                      <       	D_48SEG:						.EQU	00000101B
   687                      <       	
   688                      <       P_LCD_COM_Num:					.EQU    P_LCD_Ctrl_Base+0x04    ;$0x3454	
   689                      <       	D_5COM:							.EQU	00000100B	
   690                      <       	D_9COM:							.EQU	00001000B
   691                      <       	
   692                      <       P_LCD_FM_Ctrl:					.EQU    P_LCD_Ctrl_Base+0x05    ;$0x3455
   693                      <       	D_LCDBType:						.EQU	00000000B
   694                      <       	D_LCDCType:						.EQU	10000000B	
   695                      <       	
   696                      <       P_LCD_VLCD_Ctrl:                .EQU    P_LCD_Ctrl_Base+0x06    ;$0x3456
   697                      <       
   698                      <       P_LCD_PUMP_Ctrl:                .EQU    P_LCD_Ctrl_Base+0x07    ;$0x3457
   699                      <       	D_PumpClk2K:					.EQU	00000000B
   700                      <       	D_PumpClk4K:					.EQU	00000001B
   701                      <       	D_PumpClk8K:					.EQU	00000010B
   702                      <       	D_PumpClk16K:					.EQU	00000011B	
   703                      <       	D_PumpEn:						.EQU	10000000B
   704                      <       	
   705                      <       P_LCD_BIAS_Ctrl:                .EQU    P_LCD_Ctrl_Base+0x08    ;$0x3458
   706                      <       	D_LCDBias4:						.EQU	00000001B
   707                      <       	D_LCDBias3:						.EQU	00000010B
   708                      <       	D_LCDBias2:						.EQU	00000011B
   709                      <       	
   710                      <       P_LCD_StartAddr_LB:             .EQU    P_LCD_Ctrl_Base+0x09    ;$0x3459	
   711                      <       
   712                      <       
   713                      <       ;===============================================================
   714                      <       ;               PWMIO base Registers
   715                      <       ;               Base Address Start from 0x3490 
   716                      <       ;===============================================================
   717                      <       P_PWMIO_Ctrl:                   .EQU    P_PWMIO_Ctrl_Base+0x00  ;$0x3490
   718                      <       	D_PWMIO0En:						.EQU	00000001B
   719                      <       	D_PWMIO1En:						.EQU	00000010B
   720                      <       	D_PWMIO2En:						.EQU	00000100B	
   721                      <       	D_PWMIO3En:						.EQU	00001000B	
   722                      <       	D_PWMClkSysClk:					.EQU	00000000B
   723                      <       	D_PWMClkSysClk8:				.EQU	00010000B	
   724                      <       	D_PWMClkSysClk64:				.EQU	00100000B	
   725                      <       	D_PWMClk32K:					.EQU	00110000B
   726                      <       	D_PWMClkTM0:					.EQU	01000000B
   727                      <       	D_PWMClkTM1:					.EQU	01010000B	
   728                      <       	D_PWMClkRFCTM0:					.EQU	01100000B		
   729                      <       	D_PWMClkRFCTM1:					.EQU	01110000B	
   730                      <       
   731                      <       P_PWMIO_Sel:                    .EQU    P_PWMIO_Ctrl_Base+0x01  ;$0x3491
   732                      <       P_PWMIO_Timer_Data:				.EQU    P_PWMIO_Ctrl_Base+0x02  ;$0x3492
   733                      <       P_PWMIO_Timer_Cnt:				.EQU    P_PWMIO_Ctrl_Base+0x03  ;$0x3493
   734                      <       			
   735                      <       P_PWMIO_IO0_DUTY:               .EQU    P_PWMIO_Ctrl_Base+0x04  ;$0x3494
   736                      <       P_PWMIO_IO1_DUTY:               .EQU    P_PWMIO_Ctrl_Base+0x05  ;$0x3495
   737                      <       P_PWMIO_IO2_DUTY:               .EQU    P_PWMIO_Ctrl_Base+0x06  ;$0x3496
   738                      <       P_PWMIO_IO3_DUTY:               .EQU    P_PWMIO_Ctrl_Base+0x07  ;$0x3497
   739                      <       
   740                      <       
   741                      <       ;===============================================================
   742                      <       ;               RFC base Registers
   743                      <       ;               Base Address Start from 0x34C0 
   744                      <       ;===============================================================
   745                      <       P_RFC_Ctrl1:       				.EQU    P_RFC_Ctrl_Base+0x01  ;$0x34C1
   746                      <       	D_AutoStop:						.EQU	01000000B
   747                      <       	D_RFCEn:						.EQU	00010000B	
   748                      <       	D_RFCStart:						.EQU	00000001B	
   749                      <       
   750                      <       P_RFC_Timer_Ctrl:       		.EQU    P_RFC_Ctrl_Base+0x03  ;$0x34C3
   751                      <       	D_RFCTM0En:						.EQU	00000001B
   752                      <       	D_RFCTM1En:						.EQU	00000010B
   753                      <       	D_RFCTM0ClkMask:				.EQU	00011100B
   754                      <       	D_RFCTM0ClkStop:				.EQU	00000000B
   755                      <       	D_RFCTM0ClkIO:					.EQU	00000100B
   756                      <       	D_RFCTM0ClkSysClk:				.EQU	00001100B
   757                      <       	D_RFCTM0ClkSysClk2:				.EQU	00010000B
   758                      <       	D_RFCTM0ClkRFC1:				.EQU	00010100B
   759                      <       	D_RFCTM0ClkRFC2:				.EQU	00011000B
   760                      <       	D_RFCTM0Clk32K:					.EQU	00011100B
   761                      <       	
   762                      <       	D_RFCTM1ClkMask:				.EQU	11100000B
   763                      <       	D_RFCTM1ClkStop:				.EQU	00000000B
   764                      <       	D_RFCTM1ClkSysClk:				.EQU	00100000B
   765                      <       	D_RFCTM1ClkSysClk2:				.EQU	01000000B
   766                      <       	D_RFCTM1ClkSysClk4:				.EQU	01100000B
   767                      <       	D_RFCTM1ClkSysClk8:				.EQU	10000000B
   768                      <       	D_RFCTM1ClkSysClk16:			.EQU	10100000B
   769                      <       	D_RFCTM1ClkSysClk32:			.EQU	11000000B
   770                      <       	D_RFCTM1Clk32K:					.EQU	11100000B
   771                      <       	
   772                      <       P_RFC_Ctrl2:       				.EQU    P_RFC_Ctrl_Base+0x04  ;$0x34C4
   773                      <       	D_RFCCaptureEdgeRising:			.EQU	00000000B
   774                      <       	D_RFCCaptureEdgeFalling:		.EQU	00000100B		
   775                      <       	D_RFCCaptureTrigDis:			.EQU	00000000B	
   776                      <       	D_RFCCaptureTrigTM0:			.EQU	00000001B	
   777                      <       	
   778                      <       P_RFC_TM0Data_LB:       		.EQU    P_RFC_Ctrl_Base+0x06  ;$0x34C6
   779                      <       P_RFC_TM0Data_HB:       		.EQU    P_RFC_Ctrl_Base+0x07  ;$0x34C7
   780                      <       P_RFC_TM0Cnt_LB:       			.EQU    P_RFC_Ctrl_Base+0x08  ;$0x34C8
   781                      <       P_RFC_TM0Cnt_HB:       			.EQU    P_RFC_Ctrl_Base+0x09  ;$0x34C9
   782                      <       
   783                      <       P_RFC_TM1Data_LB:       		.EQU    P_RFC_Ctrl_Base+0x0A  ;$0x34CA
   784                      <       P_RFC_TM1Data_HB:       		.EQU    P_RFC_Ctrl_Base+0x0B  ;$0x34CB
   785                      <       P_RFC_TM1Cnt_LB:				.EQU    P_RFC_Ctrl_Base+0x0C  ;$0x34CC
   786                      <       P_RFC_TM1Cnt_HB:       			.EQU    P_RFC_Ctrl_Base+0x0D  ;$0x34CD
   787                      <       
   788                      <       P_RFC_TM1CapData_LB:       		.EQU    P_RFC_Ctrl_Base+0x0E  ;$0x34CE
   789                      <       P_RFC_TM1CapData_HB:		  	.EQU    P_RFC_Ctrl_Base+0x0F  ;$0x34CF
   790                      <       	
   791                      <       
   792                      <       ;**********************************************************************
   793                      <       ;ROM Checksum
   794                      <       ;**********************************************************************
   795                      <       .IF (GPL815P04Ax)
   796                      <       ;	ROM Checksum : Bank0 address :		  0x4000 ~ 0x7FE5, 0x8000 ~ 0xBFFF
   797                      <       ;				   NMI and Reset Vector : 0xFFFA ~ 0xFFFD
   798                      <       ;				   
   799                      <       	D_Bank0UserRomStartAddr:		.EQU	0x4000		;0x4000 ~ 0x7FE5:User ROM Code
   800                      <       	D_Bank0UserRomEndAddr:			.EQU	0x7FE5
   801                      <       	D_Bank0HUserRomStartAddr:		.EQU	0x8000		;0x8000 ~ 0xBFFF:User ROM Code
   802                      <       	D_Bank0HUserRomEndAddr:			.EQU	0xBFFF	
   803                      <       	D_NMIandResetVectorStartAddr:	.EQU	0x7FFA
   804                      <       	D_NMIandResetVectorEndAddr:		.EQU	0x7FFD	
   805                      <       .ENDIF
   806                      <       
   807                      <       .IF (GPL815P04Ax_16KB)
   808                      <       ;	ROM Checksum : Bank0 address :		  0x4000 ~ 0x7FE5
   809                      <       ;				   NMI and Reset Vector : 0xFFFA ~ 0xFFFD
   810                      <       ;				   
   811                      <       	D_Bank0UserRomStartAddr:		.EQU	0x4000		;0x4000 ~ 0x7FE5:User ROM Code
   812                      <       	D_Bank0UserRomEndAddr:			.EQU	0x7FE5
   813                      <       	D_NMIandResetVectorStartAddr:	.EQU	0x7FFA
   814                      <       	D_NMIandResetVectorEndAddr:		.EQU	0x7FFD	
   815                      <       .ENDIF	
   816                      <       
   817                      <       .IF (GPL815P04Bx)
   818                      <       ;	ROM Checksum : Bank0 address :		  0x4400 ~ 0x7FE5, 0x8000 ~ 0xBFFF (0x4000 ~ 0x43FF for GP Test Code : 1K Bytes)
   819                      <       ;				   NMI and Reset Vector : 0xFFFA ~ 0xFFFD
   820                      <       ;				   
   821                      <       	D_Bank0UserRomStartAddr:		.EQU	0x4400		;0x4400 ~ 0x7FE5:User ROM Code
   822                      <       	D_Bank0UserRomEndAddr:			.EQU	0x7FE5
   823                      <       	D_Bank0HUserRomStartAddr:		.EQU	0x8000		;0x8000 ~ 0xBFFF:User ROM Code
   824                      <       	D_Bank0HUserRomEndAddr:			.EQU	0xBFFF	
   825                      <       	D_NMIandResetVectorStartAddr:	.EQU	0x7FFA
   826                      <       	D_NMIandResetVectorEndAddr:		.EQU	0x7FFD	
   827                      <       .ENDIF	
   828                      <       
   829                      <       .IF (GPL815P04Bx_15KB)
   830                      <       ;	ROM Checksum : Bank0 address :		  0x4400 ~ 0x7FE5 (0x4000 ~ 0x43FF for GP Test Code : 1K Bytes)
   831                      <       ;				   NMI and Reset Vector : 0xFFFA ~ 0xFFFD
   832                      <       ;				   
   833                      <       	D_Bank0UserRomStartAddr:		.EQU	0x4400		;0x4400 ~ 0x7FE5:User ROM Code
   834                      <       	D_Bank0UserRomEndAddr:			.EQU	0x7FE5
   835                      <       	D_NMIandResetVectorStartAddr:	.EQU	0x7FFA
   836                      <       	D_NMIandResetVectorEndAddr:		.EQU	0x7FFD	
   837                      <       .ENDIF
   838                      <       
   839                      <       .IF (GPL815P03Ax)
   840                      <       ;	ROM Checksum : Bank0 address :		  0x4000 ~ 0x7FE5, 0x8000 ~ 0x9FFF
   841                      <       ;				   NMI and Reset Vector : 0xFFFA ~ 0xFFFD
   842                      <       ;				   
   843                      <       	D_Bank0UserRomStartAddr:		.EQU	0x4000		;0x4000 ~ 0x7FE5:User ROM Code
   844                      <       	D_Bank0UserRomEndAddr:			.EQU	0x7FE5
   845                      <       	D_Bank0HUserRomStartAddr:		.EQU	0x8000		;0x8000 ~ 0x9FFF:User ROM Code
   846                      <       	D_Bank0HUserRomEndAddr:			.EQU	0x9FFF	
   847                      <       	D_NMIandResetVectorStartAddr:	.EQU	0x7FFA
   848                      <       	D_NMIandResetVectorEndAddr:		.EQU	0x7FFD
   849                      <       .ENDIF
   850                      <       
   851                      <       .IF (GPL815P03Bx)
   852                      <       ;	ROM Checksum : Bank0 address :		  0x4400 ~ 0x7FE5, 0x8000 ~ 0x9FFF (0x4000 ~ 0x43FF for GP Test Code : 1K Bytes)
   853                      <       ;				   NMI and Reset Vector : 0xFFFA ~ 0xFFFD
   854                      <       ;				   
   855                      <       	D_Bank0UserRomStartAddr:		.EQU	0x4400		;0x4400 ~ 0x7FE5:User ROM Code
   856                      <       	D_Bank0UserRomEndAddr:			.EQU	0x7FE5
   857                      <       	D_Bank0HUserRomStartAddr:		.EQU	0x8000		;0x8000 ~ 0x9FFF:User ROM Code
   858                      <       	D_Bank0HUserRomEndAddr:			.EQU	0x9FFF	
   859                      <       	D_NMIandResetVectorStartAddr:	.EQU	0x7FFA
   860                      <       	D_NMIandResetVectorEndAddr:		.EQU	0x7FFD
   861                      <       .ENDIF	
   862                      <       
   863                      <       .IF (GPL815P02Ax)
   864                      <       ;	ROM Checksum : Bank0 address :		  0x4000 ~ 0x7FE5
   865                      <       ;				   NMI and Reset Vector : 0xFFFA ~ 0xFFFD
   866                      <       ;				   
   867                      <       	D_Bank0UserRomStartAddr:		.EQU	0x4000		;0x4000 ~ 0x7FE5:User ROM Code
   868                      <       	D_Bank0UserRomEndAddr:			.EQU	0x7FE5
   869                      <       	D_NMIandResetVectorStartAddr:	.EQU	0x7FFA
   870                      <       	D_NMIandResetVectorEndAddr:		.EQU	0x7FFD	
   871                      <       .ENDIF	
   872                      <       ; ========================================================================================
   873                      <       ; Macro Name	: M_UserRomChecksum
   874                      <       ; Parameters	: None
   875                      <       ; Return Value	: R_ChecksumResult: bit[7:0]
   876                      <       ;				: R_ChecksumResult + 1: bit[15:8]
   877                      <       ;				: R_ChecksumResult + 2: bit[23:16]
   878                      <       ;				: R_ChecksumResult + 3: bit[31:24]
   879                      <       ; Description	: Calculate user ROM area code checksum
   880                      <       ; Destroy		: A, X
   881                      <       ; Example		: %M_UserRomChecksum	R_ChecksumAddrPtr, R_ChecksumResult
   882                      <       ; ========================================================================================	
   883                      <       %M_UserRomChecksum:	.MACRO	R_ChecksumAddrPtr, R_ChecksumResult
   884                      <       	LDA		#0
   885                      <       	STA		R_ChecksumResult					;Result Byte0
   886                      <       	STA		R_ChecksumResult + 1				;Result Byte1
   887                      <       	STA		R_ChecksumResult + 2				;Result Byte2
   888                      <       	STA		R_ChecksumResult + 3				;Result Byte3
   889                      <       ;=================== Bank 0 ==================================================	
   890                      <       	LDA		#.HIGH.D_Bank0UserRomStartAddr
   891                      <       	STA		R_ChecksumAddrPtr + 1				;Start High Byte
   892                      <       	LDA		#.LOW.D_Bank0UserRomStartAddr
   893                      <       	STA		R_ChecksumAddrPtr					;Start Low Byte
   894                      <       		
   895                      <       	LDY		#0	
   896                      <       
   897                      <       L_ChecksumLoop1?
   898                      <       	STA	   P_WDT_Clear	
   899                      <       	CLC
   900                      <       	LDA		(R_ChecksumAddrPtr),Y
   901                      <       	ADC		R_ChecksumResult					;Result Low Byte
   902                      <       	STA		R_ChecksumResult					;Result Low Byte
   903                      <       	BCC		L_CheckAddress1?
   904                      <       	INC		R_ChecksumResult + 1				;Result Byte1
   905                      <       	BNE		L_CheckAddress1?
   906                      <       	INC		R_ChecksumResult + 2				;Result Byte3
   907                      <       	BNE		L_CheckAddress1?
   908                      <       	INC		R_ChecksumResult + 3				;Result Byte4
   909                      <       		
   910                      <       L_CheckAddress1?:
   911                      <       	LDA		R_ChecksumAddrPtr + 1				;Address Pointer HB
   912                      <       	CMP		#.HIGH.D_Bank0UserRomEndAddr		;End High Byte
   913                      <       	BNE		L_IncreaseAdd1?
   914                      <       	
   915                      <       	LDA		R_ChecksumAddrPtr					;Address Pointer LB
   916                      <       	CMP		#.LOW.D_Bank0UserRomEndAddr			;End Low Byte
   917                      <       	BEQ		L_ExitRomSum1?
   918                      <       	
   919                      <       L_IncreaseAdd1?:
   920                      <       	INC		R_ChecksumAddrPtr					;Address Pointer LB
   921                      <       	BNE		L_ChecksumLoop1?
   922                      <       	INC		R_ChecksumAddrPtr + 1				;Address Pointer HB
   923                      <       	JMP		L_ChecksumLoop1?	
   924                      <       		
   925                      <       L_ExitRomSum1?:		
   926                      <       .IF (GPL815P04Ax+GPL815P04Bx+GPL815P03Ax+GPL815P03Bx)	
   927                      <       ;===================================Bank0H==============================================
   928                      <       	LDA		#.HIGH.D_Bank0HUserRomStartAddr
   929                      <       	STA		R_ChecksumAddrPtr + 1				;Start High Byte
   930                      <       	LDA		#.LOW.D_Bank0HUserRomStartAddr
   931                      <       	STA		R_ChecksumAddrPtr
   932                      <       	
   933                      <       L_ChecksumLoop1H?
   934                      <       	STA	   P_WDT_Clear	
   935                      <       	CLC
   936                      <       	LDA		(R_ChecksumAddrPtr),Y
   937                      <       	ADC		R_ChecksumResult					;Result Low Byte
   938                      <       	STA		R_ChecksumResult					;Result Low Byte
   939                      <       	BCC		L_CheckAddress1H?
   940                      <       	INC		R_ChecksumResult + 1				;Result Byte1
   941                      <       	BNE		L_CheckAddress1H?
   942                      <       	INC		R_ChecksumResult + 2				;Result Byte3
   943                      <       	BNE		L_CheckAddress1H?
   944                      <       	INC		R_ChecksumResult + 3				;Result Byte4
   945                      <       		
   946                      <       L_CheckAddress1H?:
   947                      <       	LDA		R_ChecksumAddrPtr + 1				;Address Pointer HB
   948                      <       	CMP		#.HIGH.D_Bank0HUserRomEndAddr		;End High Byte
   949                      <       	BNE		L_IncreaseAdd1H?
   950                      <       	
   951                      <       	LDA		R_ChecksumAddrPtr					;Address Pointer LB
   952                      <       	CMP		#.LOW.D_Bank0HUserRomEndAddr			;End Low Byte
   953                      <       	BEQ		L_ExitRomSum1H?
   954                      <       	
   955                      <       L_IncreaseAdd1H?:
   956                      <       	INC		R_ChecksumAddrPtr					;Address Pointer LB
   957                      <       	BNE		L_ChecksumLoop1H?
   958                      <       	INC		R_ChecksumAddrPtr + 1				;Address Pointer HB
   959                      <       	JMP		L_ChecksumLoop1H?	
   960                      <       		
   961                      <       L_ExitRomSum1H?:	
   962                      <       .ENDIF	
   963                      <       ;===================NMI & Reset Vector==================================================		
   964                      <       	LDA		#.HIGH.D_NMIandResetVectorStartAddr
   965                      <       	STA		R_ChecksumAddrPtr + 1				; Start High Byte
   966                      <       	LDA		#.LOW.D_NMIandResetVectorStartAddr
   967                      <       	STA		R_ChecksumAddrPtr					;Start Low Byte
   968                      <       		
   969                      <       L_ChecksumLoop2?
   970                      <       	STA	   P_WDT_Clear		
   971                      <       	CLC
   972                      <       	LDA		(R_ChecksumAddrPtr),Y
   973                      <       	ADC		R_ChecksumResult					;Result Low Byte
   974                      <       	STA		R_ChecksumResult					;Result Low Byte
   975                      <       	BCC		L_CheckAddress2?
   976                      <       	INC		R_ChecksumResult + 1				;Result Byte2
   977                      <       	BNE		L_CheckAddress2?
   978                      <       	INC		R_ChecksumResult + 2				;Result Byte3
   979                      <       	BNE		L_CheckAddress2?
   980                      <       	INC		R_ChecksumResult + 3				;Result Byte4
   981                      <       		
   982                      <       L_CheckAddress2?:
   983                      <       	LDA		R_ChecksumAddrPtr + 1				;Address Pointer HB
   984                      <       	CMP		#.HIGH.D_NMIandResetVectorEndAddr	;End High Byte
   985                      <       	BNE		L_IncreaseAdd2?
   986                      <       	
   987                      <       	LDA		R_ChecksumAddrPtr					;Address Pointer LB
   988                      <       	CMP		#.LOW.D_NMIandResetVectorEndAddr	;End Low Byte
   989                      <       	BEQ		L_ExitRomSum2?
   990                      <       	
   991                      <       L_IncreaseAdd2?:
   992                      <       	INC		R_ChecksumAddrPtr					;Address Pointer LB
   993                      <       	BNE		L_ChecksumLoop2?
   994                      <       	INC		R_ChecksumAddrPtr + 1				;Address Pointer HB
   995                      <       	JMP		L_ChecksumLoop2?	
   996                      <       		
   997                      <       L_ExitRomSum2?:	
   998                      <       	.ENDM
   999                      <       
  1000                      <       	.ENDIF
  1001                      <       .endif
  1002                      <       	.ENDIF	
  1003                      <       
  1004                              ;==================================================================================
  1005                              ;UART Hardware Configuration Define Area
  1006                              ;==================================================================================
  1007                              .comment @
  1008                              ; System Clock = 8.192MHz
  1009                              D_Baudrate_460800:			.EQU		0x0000
  1010                              D_Baudrate_230400:			.EQU		0x0001
  1011                              D_Baudrate_115200:			.EQU		0x0003
  1012                              D_Baudrate_76800:			.EQU		0x0005
  1013                              D_Baudrate_57600:			.EQU		0x0007
  1014                              D_Baudrate_38400:			.EQU		0x000C
  1015                              D_Baudrate_28800:			.EQU		0x0010
  1016                              D_Baudrate_19200:			.EQU		0x0019
  1017                              D_Baudrate_14400:			.EQU		0x0022
  1018                              D_Baudrate_9600:			.EQU		0x0034
  1019                              D_Baudrate_4800:			.EQU		0x0069
  1020                              D_Baudrate_2400:			.EQU		0x00D4
  1021                              D_Baudrate_1200:			.EQU		0x01A9
  1022                              
  1023                              D_FMD_460800:				.EQU		0x0002
  1024                              D_FMD_230400:				.EQU		0x0004
  1025                              D_FMD_115200:				.EQU		0x0007
  1026                              D_FMD_76800:				.EQU		0x000B
  1027                              D_FMD_57600:				.EQU		0x000E
  1028                              D_FMD_38400:				.EQU		0x0005
  1029                              D_FMD_28800:				.EQU		0x000C
  1030                              D_FMD_19200:				.EQU		0x000B
  1031                              D_FMD_14400:				.EQU		0x0009
  1032                              D_FMD_9600:					.EQU		0x0005
  1033                              D_FMD_4800:					.EQU		0x000B
  1034                              D_FMD_2400:					.EQU		0x0005
  1035                              D_FMD_1200:					.EQU		0x000B
  1036                              ;@
  1037                              ;====================================================
  1038                              .comment @
  1039                              ; System Clock = 4.096MHz
  1040                              D_Baudrate_460800:			.EQU		0x0000		;can't used
  1041                              D_Baudrate_230400:			.EQU		0x0000
  1042                              D_Baudrate_115200:			.EQU		0x0001
  1043                              D_Baudrate_76800:			.EQU		0x0002
  1044                              D_Baudrate_57600:			.EQU		0x0003
  1045                              D_Baudrate_38400:			.EQU		0x0005
  1046                              D_Baudrate_28800:			.EQU		0x0007
  1047                              D_Baudrate_19200:			.EQU		0x000C
  1048                              D_Baudrate_14400:			.EQU		0x0010
  1049                              D_Baudrate_9600:			.EQU		0x0019
  1050                              D_Baudrate_4800:			.EQU		0x0034
  1051                              D_Baudrate_2400:			.EQU		0x0069
  1052                              D_Baudrate_1200:			.EQU		0x00D4
  1053                              
  1054                              D_FMD_460800:				.EQU		0x0000		;can't used
  1055                              D_FMD_230400:				.EQU		0x0002
  1056                              D_FMD_115200:				.EQU		0x0004
  1057                              D_FMD_76800:				.EQU		0x0005
  1058                              D_FMD_57600:				.EQU		0x0007
  1059                              D_FMD_38400:				.EQU		0x000B
  1060                              D_FMD_28800:				.EQU		0x000E
  1061                              D_FMD_19200:				.EQU		0x0005
  1062                              D_FMD_14400:				.EQU		0x000C
  1063                              D_FMD_9600:					.EQU		0x000B
  1064                              D_FMD_4800:					.EQU		0x0005
  1065                              D_FMD_2400:					.EQU		0x000B
  1066                              D_FMD_1200:					.EQU		0x0005
  1067                              ;@
  1068                              ;====================================================
  1069                              ;.comment @
  1070                              ; System Clock = 2.048MHz
  1071                              D_Baudrate_460800:			.EQU		0x0000		;can't used
  1072                              D_Baudrate_230400:			.EQU		0x0000		;can't used
  1073                              D_Baudrate_115200:			.EQU		0x0000
  1074                              D_Baudrate_76800:			.EQU		0x0000
  1075                              D_Baudrate_57600:			.EQU		0x0001
  1076                              D_Baudrate_38400:			.EQU		0x0002
  1077                              D_Baudrate_28800:			.EQU		0x0003
  1078                              D_Baudrate_19200:			.EQU		0x0005
  1079                              D_Baudrate_14400:			.EQU		0x0007
  1080                              D_Baudrate_9600:			.EQU		0x000C
  1081                              D_Baudrate_4800:			.EQU		0x0019
  1082                              D_Baudrate_2400:			.EQU		0x0034
  1083                              D_Baudrate_1200:			.EQU		0x0069
  1084                              
  1085                              D_FMD_460800:				.EQU		0x0000		;can't used
  1086                              D_FMD_230400:				.EQU		0x0002		;can't used
  1087                              D_FMD_115200:				.EQU		0x0002
  1088                              D_FMD_76800:				.EQU		0x000B
  1089                              D_FMD_57600:				.EQU		0x0004
  1090                              D_FMD_38400:				.EQU		0x0005
  1091                              D_FMD_28800:				.EQU		0x0007
  1092                              D_FMD_19200:				.EQU		0x000B
  1093                              D_FMD_14400:				.EQU		0x000E
  1094                              D_FMD_9600:					.EQU		0x0005
  1095                              D_FMD_4800:					.EQU		0x000B
  1096                              D_FMD_2400:					.EQU		0x0005
  1097                              D_FMD_1200:					.EQU		0x000B
  1098                              ;@
  1099                              ;==================================================================================
  1100                              ;UART Driver Constant Define Area
  1101                              ;==================================================================================
  1102                              
  1103                              ;==================================================================================
  1104                              ; Function External declare area
  1105                              ;==================================================================================
  1106                              
  1107                              ;==================================================================================
  1108                              ; Function Public area
  1109                              ;==================================================================================
  1110                              .PUBLIC	F_UART_Initial
  1111                              .PUBLIC	F_UART_Baudrate
  1112                              .PUBLIC	F_UART_Disable
  1113                              .PUBLIC F_UART_GetStatus
  1114                              .PUBLIC IsUARTBusy
  1115                              
  1116                              .PUBLIC	_F_UART_Initial
  1117                              .PUBLIC	_F_UART_Baudrate
  1118                              .PUBLIC	_F_UART_Disable
  1119                              .PUBLIC _F_UART_GetStatus
  1120                              .PUBLIC _IsUARTBusy
  1121                              
  1122                              ;==================================================================================
  1123                              ; Variable Public area
  1124                              ;==================================================================================
  1125                              .PUBLIC	R_UART_Baudrate
  1126                              .PUBLIC	R_UARTRX_Status
  1127                              .PUBLIC	R_UART_CNT
  1128                              
  1129                              .PUBLIC	_R_UART_Baudrate
  1130                              .PUBLIC	_R_UARTRX_Status
  1131                              .PUBLIC	_R_UART_CNT
  1132                              
  1133                              .PUBLIC	CLOCK_FLAG_ASR
  1134                              .PUBLIC	_CLOCK_FLAG_ASR
  1135                              ;==================================================================================
  1136                              ; Variable RAM declare area
  1137                              ;==================================================================================
  1138                              ;UART_Page0RAM:    .SECTION      .PAGE0
  1139                              ;
  1140                              ;.ENDS      
  1141                              
  1142 000002D4                     UART_PageNRAM:    .SECTION		
  1143 000002D4 FF                  R_UART_Baudrate		DS	1
  1144                              _R_UART_Baudrate		.EQU	R_UART_Baudrate
  1145                              
  1146 000002D5 FF                  R_UARTRX_Status		DS	1
  1147                              _R_UARTRX_Status		.EQU	R_UARTRX_Status
  1148                              
  1149 000002D6 FF                  R_UART_CNT			DS	1
  1150                              _R_UART_CNT				.EQU	R_UART_CNT
  1151                              
  1152 000002D7 FF                  CLOCK_FLAG_ASR		ds	1
  1153                              _CLOCK_FLAG_ASR		equ		CLOCK_FLAG_ASR
  1154                              .ENDS
  1155                              ;=============================================
  1156                              ; Code area
  1157                              ;=============================================                                  
  1158 0000FB88                     UART_Code:    .SECTION
  1159                              
  1160                              ; =======================================================================================
  1161                              ; Function name : F_UART_Initial
  1162                              ; Purpose       : Initial UART H/W
  1163                              ; Parameter     : R_UART_Baudrate
  1164                              ; Return        : None
  1165                              ; Destroy       : A
  1166                              ; ======================================================================================
  1167 0000FB88                     F_UART_Initial:
  1168 0000FB88                     _F_UART_Initial:
  1169                              	
  1170                              
  1171                              ;	R_UART_CNT = 0x00;
  1172                              ;	R_UARTRX_Status = 0xFF;
  1173                              ;	F_Clear_buffs();
  1174                              ;	/* Add your code here */
  1175                              ;	R_UART_Baudrate = 0x02; //115200hz		
  1176 0000FB88 A9 00               	LDA		#00
  1177 0000FB8A 8D D6 02            	STA		R_UART_CNT
  1178 0000FB8D A9 FF               	LDA		#0xff
  1179 0000FB8F 8D D5 02            	STA		R_UARTRX_Status
  1180 0000FB92 A9 09               	LDA		#0x09
  1181 0000FB94 8D D4 02            	STA		R_UART_Baudrate
  1182                              ;
  1183                              	
  1184 0000FB97 A9 58               	LDA		#D_UARTReset+D_UARTEn+D_UARTTxIntEn;+D_UARTRxTimeoutIntEn
  1185 0000FB99 8D 52 31            	STA		P_UART_Ctrl1
  1186                              
  1187 0000FB9C A9 70               	LDA		#D_UARTStopBit1+D_UARTFIFOEn+D_UARTDataBit8	;	D_UARTParityEn+D_UARTParityOdd+
  1188 0000FB9E 8D 53 31            	STA		P_UART_Ctrl2
  1189                              	
  1190 0000FBA1 AD D4 02            	LDA		R_UART_Baudrate
  1191 0000FBA4 20 A8 FB            	JSR		F_UART_Baudrate
  1192                              
  1193                              
  1194 0000FBA7 60                  	RTS
  1195                              
  1196                              ; =======================================================================================
  1197                              ; Function name : F_UART_Baudrate
  1198                              ; Purpose       : change UART baudrate 
  1199                              ; Parameter     : Acc=Level
  1200                              ;   Acc = 0 : Baudrate = 460800
  1201                              ;   Acc = 1 : Baudrate = 230400
  1202                              ;   Acc = 2 : Baudrate = 115200
  1203                              ;   Acc = 3 : Baudrate = 76800
  1204                              ;   Acc = 4 : Baudrate = 57600
  1205                              ;   Acc = 5 : Baudrate = 38400
  1206                              ;   Acc = 6 : Baudrate = 28800
  1207                              ;   Acc = 7 : Baudrate = 19200
  1208                              ;   Acc = 8 : Baudrate = 14400
  1209                              ;   Acc = 9 : Baudrate = 9600
  1210                              ;   Acc = A : Baudrate = 4800
  1211                              ;   Acc = B : Baudrate = 2400
  1212                              ;   Acc = C : Baudrate = 1200
  1213                              ; Return        : A=0: Pass
  1214                              ;                 A=1: Level error
  1215                              ; Destroy       : A, Y 
  1216                              ; ======================================================================================
  1217 0000FBA8                     F_UART_Baudrate:
  1218 0000FBA8                     _F_UART_Baudrate:
  1219 0000FBA8 C9 0D               	CMP		#0Dh
  1220 0000FBAA 90 03               	BCC		L_BaudrateSel?
  1221 0000FBAC A9 01               	LDA		#1
  1222 0000FBAE 60                  	RTS
  1223                              	
  1224 0000FBAF                     L_BaudrateSel?:
  1225 0000FBAF 18                  	CLC
  1226 0000FBB0 2A                  	ROL		A
  1227 0000FBB1 A8                  	TAY
  1228 0000FBB2 B9 C7 FB            	LDA		T_BaudrateSel,Y
  1229 0000FBB5 8D 55 31            	STA		P_UART_BaudRate_LB
  1230 0000FBB8 B9 C8 FB            	LDA		T_BaudrateSel+1,Y
  1231 0000FBBB 8D 54 31            	STA		P_UART_BaudRate_HB
  1232 0000FBBE B9 E1 FB            	LDA		T_BaudrateSel_FMD,Y
  1233 0000FBC1 8D 5A 31            	STA		P_UART_FMD
  1234 0000FBC4 A9 00               	LDA     #0
  1235 0000FBC6 60                      RTS
  1236                              
  1237 0000FBC7                     T_BaudrateSel:
  1238 0000FBC7 00 00 00 00         	.DW		D_Baudrate_460800, D_Baudrate_230400, D_Baudrate_115200, D_Baudrate_76800
                00 00 00 00
                           
  1239 0000FBCF 01 00 02 00         	.DW		D_Baudrate_57600, D_Baudrate_38400, D_Baudrate_28800, D_Baudrate_19200
                03 00 05 00
                           
  1240 0000FBD7 07 00 0C 00         	.DW		D_Baudrate_14400, D_Baudrate_9600, D_Baudrate_4800, D_Baudrate_2400
                19 00 34 00
                           
  1241 0000FBDF 69 00               	.DW		D_Baudrate_1200
  1242                              	
  1243 0000FBE1                     T_BaudrateSel_FMD:	
  1244 0000FBE1 00 00 02 00         	.DW		D_FMD_460800, D_FMD_230400, D_FMD_115200, D_FMD_76800
                02 00 0B 00
                           
  1245 0000FBE9 04 00 05 00         	.DW		D_FMD_57600, D_FMD_38400, D_FMD_28800, D_FMD_19200
                07 00 0B 00
                           
  1246 0000FBF1 0E 00 05 00         	.DW		D_FMD_14400, D_FMD_9600, D_FMD_4800, D_FMD_2400
                0B 00 05 00
                           
  1247 0000FBF9 0B 00               	.DW		D_FMD_1200	
  1248                              	
  1249 0000FBFB 60                  	RTS	
  1250                              	
  1251                              ; =======================================================================================
  1252                              ; Function name : F_UART_Disable
  1253                              ; Purpose       : Disable UART function
  1254                              ; Parameter     : None
  1255                              ; Return        : None
  1256                              ; Destroy       : A
  1257                              ; ======================================================================================
  1258 0000FBFC                     F_UART_Disable:	
  1259 0000FBFC                     _F_UART_Disable:
  1260 0000FBFC 2C 57 31            	BIT		P_UART_Status2
  1261 0000FBFF 10 FB               	BPL		F_UART_Disable		; wait tx transfer complete
  1262 0000FC01 A9 00               	LDA		#0
  1263 0000FC03 8D 52 31            	STA		P_UART_Ctrl1
  1264 0000FC06 60                  	RTS
  1265                              	
  1266                              ; =======================================================================================
  1267                              ; Function name : F_UART_GetStatus
  1268                              ; Purpose       : Get UART Status (P_UART_Status)
  1269                              ; Parameter     : None 
  1270                              ; Return        : 	Acc = 0 , Status Pass
  1271                              ;					Acc = 1 , FrameError
  1272                              ;					Acc = 2 , ParityError
  1273                              ;					Acc = 3 , BreakError	
  1274                              ;					Acc = 4 , OverrunError
  1275                              ; Destroy       : A
  1276                              ; ======================================================================================	
  1277 0000FC07                     F_UART_GetStatus:	
  1278 0000FC07                     _F_UART_GetStatus:		
  1279 0000FC07 AD 51 31            	LDA		P_UART_RX_Status	
  1280 0000FC0A 29 0F               	AND		#D_FrameErrorFlag+D_ParityErrorFlag+D_BreakErrorFlag+D_OverrunErrorFlag
  1281 0000FC0C 8D D5 02            	STA		R_UARTRX_Status
  1282 0000FC0F F0 1C               	BEQ		L_UART_Status_Pass?
  1283                              	
  1284 0000FC11 AD 51 31            	LDA		P_UART_RX_Status
  1285 0000FC14 29 01               	AND		#D_FrameErrorFlag
  1286 0000FC16 D0 18               	BNE		L_FrameError?
  1287                              	
  1288 0000FC18 AD 51 31            	LDA		P_UART_RX_Status
  1289 0000FC1B 29 02               	AND		#D_ParityErrorFlag
  1290 0000FC1D D0 14               	BNE		L_ParityError?
  1291                              	
  1292 0000FC1F AD 51 31            	LDA		P_UART_RX_Status
  1293 0000FC22 29 04               	AND		#D_BreakErrorFlag
  1294 0000FC24 D0 10               	BNE		L_BreakError?	
  1295                              	
  1296 0000FC26 AD 51 31            	LDA		P_UART_RX_Status
  1297 0000FC29 29 08               	AND		#D_OverrunErrorFlag
  1298 0000FC2B D0 0C               	BNE		L_OverrunError?
  1299                              	
  1300                              	
  1301 0000FC2D                     L_UART_Status_Pass?:			
  1302 0000FC2D A9 00               	LDA		#0				
  1303 0000FC2F 60                  	RTS
  1304 0000FC30                     L_FrameError?:
  1305 0000FC30 A9 01               	LDA		#1
  1306 0000FC32 60                  	RTS
  1307 0000FC33                     L_ParityError?:
  1308 0000FC33 A9 02               	LDA		#2
  1309 0000FC35 60                  	RTS	
  1310 0000FC36                     L_BreakError?:
  1311 0000FC36 A9 03               	LDA		#3
  1312 0000FC38 60                  	RTS		
  1313 0000FC39                     L_OverrunError?:
  1314 0000FC39 A9 04               	LDA		#4
  1315 0000FC3B 60                  	RTS
  1316                              	
  1317                              ; =======================================================================================
  1318                              ; Function name : IsUARTBusy
  1319                              ; Purpose       : Check UART Busy Flag
  1320                              ; Parameter     : None
  1321                              ; Return        : A :0:Idle, others:Busy
  1322                              ; Destroy       : A 
  1323                              ; ======================================================================================    
  1324 0000FC3C                     IsUARTBusy:
  1325 0000FC3C                     _IsUARTBusy:
  1326 0000FC3C 8D 0B 30            	STA		P_WDT_Clear
  1327 0000FC3F AD 57 31                LDA     P_UART_Status2
  1328 0000FC42 29 08                   AND     #D_UARTBusy
  1329 0000FC44 D0 F6                   BNE		IsUARTBusy
  1330 0000FC46 60                      RTS	
  1331                                
0 Error(s), 0 Warning(s).

